Component: ARM Compiler 5.06 update 5 (build 528) Tool: armlink [4d35e2]

==============================================================================

Section Cross References

    startup_stm32f103xb.o(RESET) refers to startup_stm32f103xb.o(STACK) for __initial_sp
    startup_stm32f103xb.o(RESET) refers to startup_stm32f103xb.o(.text) for Reset_Handler
    startup_stm32f103xb.o(RESET) refers to stm32f1xx_it.o(i.NMI_Handler) for NMI_Handler
    startup_stm32f103xb.o(RESET) refers to stm32f1xx_it.o(i.HardFault_Handler) for HardFault_Handler
    startup_stm32f103xb.o(RESET) refers to stm32f1xx_it.o(i.MemManage_Handler) for MemManage_Handler
    startup_stm32f103xb.o(RESET) refers to stm32f1xx_it.o(i.BusFault_Handler) for BusFault_Handler
    startup_stm32f103xb.o(RESET) refers to stm32f1xx_it.o(i.UsageFault_Handler) for UsageFault_Handler
    startup_stm32f103xb.o(RESET) refers to stm32f1xx_it.o(i.SVC_Handler) for SVC_Handler
    startup_stm32f103xb.o(RESET) refers to stm32f1xx_it.o(i.DebugMon_Handler) for DebugMon_Handler
    startup_stm32f103xb.o(RESET) refers to stm32f1xx_it.o(i.PendSV_Handler) for PendSV_Handler
    startup_stm32f103xb.o(RESET) refers to stm32f1xx_it.o(i.SysTick_Handler) for SysTick_Handler
    startup_stm32f103xb.o(RESET) refers to stm32f1xx_it.o(i.EXTI2_IRQHandler) for EXTI2_IRQHandler
    startup_stm32f103xb.o(RESET) refers to stm32f1xx_it.o(i.EXTI4_IRQHandler) for EXTI4_IRQHandler
    startup_stm32f103xb.o(RESET) refers to stm32f1xx_it.o(i.TIM2_IRQHandler) for TIM2_IRQHandler
    startup_stm32f103xb.o(RESET) refers to stm32f1xx_it.o(i.TIM3_IRQHandler) for TIM3_IRQHandler
    startup_stm32f103xb.o(RESET) refers to stm32f1xx_it.o(i.USART3_IRQHandler) for USART3_IRQHandler
    startup_stm32f103xb.o(RESET) refers to stm32f1xx_it.o(i.EXTI15_10_IRQHandler) for EXTI15_10_IRQHandler
    startup_stm32f103xb.o(.text) refers to system_stm32f1xx.o(i.SystemInit) for SystemInit
    startup_stm32f103xb.o(.text) refers to entry.o(.ARM.Collect$$$$00000000) for __main
    main.o(i.HAL_GPIO_EXTI_Callback) refers to stm32f1xx_hal_gpio.o(i.HAL_GPIO_ReadPin) for HAL_GPIO_ReadPin
    main.o(i.HAL_GPIO_EXTI_Callback) refers to main.o(.data) for .data
    main.o(i.HAL_GPIO_EXTI_Callback) refers to motor.o(.data) for Encoder_CountA
    main.o(i.HAL_GPIO_EXTI_Callback) refers to motor.o(.data) for Encoder_CountB
    main.o(i.HAL_TIM_PeriodElapsedCallback) refers to pid.o(i.PID_Control) for PID_Control
    main.o(i.HAL_TIM_PeriodElapsedCallback) refers to main.o(.data) for .data
    main.o(i.SystemClock_Config) refers to memseta.o(.text) for __aeabi_memclr4
    main.o(i.SystemClock_Config) refers to stm32f1xx_hal_rcc.o(i.HAL_RCC_OscConfig) for HAL_RCC_OscConfig
    main.o(i.SystemClock_Config) refers to stm32f1xx_hal_rcc.o(i.HAL_RCC_ClockConfig) for HAL_RCC_ClockConfig
    main.o(i.fputc) refers to stm32f1xx_hal_uart.o(i.HAL_UART_Transmit) for HAL_UART_Transmit
    main.o(i.fputc) refers to usart.o(.bss) for huart3
    main.o(i.main) refers to stm32f1xx_hal.o(i.HAL_Init) for HAL_Init
    main.o(i.main) refers to main.o(i.SystemClock_Config) for SystemClock_Config
    main.o(i.main) refers to gpio.o(i.MX_GPIO_Init) for MX_GPIO_Init
    main.o(i.main) refers to tim.o(i.MX_TIM2_Init) for MX_TIM2_Init
    main.o(i.main) refers to tim.o(i.MX_TIM3_Init) for MX_TIM3_Init
    main.o(i.main) refers to usart.o(i.MX_USART3_UART_Init) for MX_USART3_UART_Init
    main.o(i.main) refers to i2c.o(i.MX_I2C1_Init) for MX_I2C1_Init
    main.o(i.main) refers to stm32f1xx_hal_tim.o(i.HAL_TIM_PWM_Start) for HAL_TIM_PWM_Start
    main.o(i.main) refers to stm32f1xx_hal_tim.o(i.HAL_TIM_Base_Start_IT) for HAL_TIM_Base_Start_IT
    main.o(i.main) refers to pid.o(i.PID_Init) for PID_Init
    main.o(i.main) refers to oled.o(i.OLED_Init) for OLED_Init
    main.o(i.main) refers to mpu6050.o(i.MPU6050_Init) for MPU6050_Init
    main.o(i.main) refers to tcrt5000.o(i.TCRT_Init) for TCRT_Init
    main.o(i.main) refers to pid.o(i.datavision_send) for datavision_send
    main.o(i.main) refers to dflti.o(.text) for __aeabi_i2d
    main.o(i.main) refers to ddiv.o(.text) for __aeabi_ddiv
    main.o(i.main) refers to dmul.o(.text) for __aeabi_dmul
    main.o(i.main) refers to f2d.o(.text) for __aeabi_f2d
    main.o(i.main) refers to dadd.o(.text) for __aeabi_dadd
    main.o(i.main) refers to d2f.o(.text) for __aeabi_d2f
    main.o(i.main) refers to fflti.o(.text) for __aeabi_i2f
    main.o(i.main) refers to fdiv.o(.text) for __aeabi_fdiv
    main.o(i.main) refers to atan.o(i.atan) for atan
    main.o(i.main) refers to filter.o(i.Kalman_Filter) for Kalman_Filter
    main.o(i.main) refers to stm32f1xx_hal.o(i.HAL_Delay) for HAL_Delay
    main.o(i.main) refers to tim.o(.bss) for htim2
    main.o(i.main) refers to pid.o(.bss) for MotorA
    main.o(i.main) refers to pid.o(.bss) for angle
    main.o(i.main) refers to main.o(.data) for .data
    main.o(i.main) refers to mpu6050.o(.data) for roll_gyro
[...]
    Removing stm32f1xx_hal_tim_ex.o(i.HAL_TIMEx_OnePulseN_Stop_IT), (120 bytes).
    Removing stm32f1xx_hal_tim_ex.o(i.HAL_TIMEx_PWMN_Start), (152 bytes).
    Removing stm32f1xx_hal_tim_ex.o(i.HAL_TIMEx_PWMN_Start_DMA), (352 bytes).
    Removing stm32f1xx_hal_tim_ex.o(i.HAL_TIMEx_PWMN_Start_IT), (192 bytes).
    Removing stm32f1xx_hal_tim_ex.o(i.HAL_TIMEx_PWMN_Stop), (104 bytes).
    Removing stm32f1xx_hal_tim_ex.o(i.HAL_TIMEx_PWMN_Stop_DMA), (168 bytes).
    Removing stm32f1xx_hal_tim_ex.o(i.HAL_TIMEx_PWMN_Stop_IT), (170 bytes).
    Removing stm32f1xx_hal_tim_ex.o(i.HAL_TIMEx_RemapConfig), (4 bytes).
    Removing stm32f1xx_hal_tim_ex.o(i.TIMEx_DMACommutationCplt), (16 bytes).
    Removing stm32f1xx_hal_tim_ex.o(i.TIMEx_DMACommutationHalfCplt), (16 bytes).
    Removing stm32f1xx_hal_tim_ex.o(i.TIM_CCxNChannelCmd), (26 bytes).
    Removing stm32f1xx_hal_tim_ex.o(i.TIM_DMADelayPulseNCplt), (74 bytes).
    Removing stm32f1xx_hal_tim_ex.o(i.TIM_DMAErrorCCxN), (62 bytes).
    Removing stm32f1xx_hal_uart.o(.rev16_text), (4 bytes).
    Removing stm32f1xx_hal_uart.o(.revsh_text), (4 bytes).
    Removing stm32f1xx_hal_uart.o(.rrx_text), (6 bytes).
    Removing stm32f1xx_hal_uart.o(i.HAL_HalfDuplex_EnableReceiver), (50 bytes).
    Removing stm32f1xx_hal_uart.o(i.HAL_HalfDuplex_EnableTransmitter), (50 bytes).
    Removing stm32f1xx_hal_uart.o(i.HAL_HalfDuplex_Init), (110 bytes).
    Removing stm32f1xx_hal_uart.o(i.HAL_LIN_Init), (130 bytes).
    Removing stm32f1xx_hal_uart.o(i.HAL_LIN_SendBreak), (60 bytes).
    Removing stm32f1xx_hal_uart.o(i.HAL_MultiProcessor_EnterMuteMode), (62 bytes).
    Removing stm32f1xx_hal_uart.o(i.HAL_MultiProcessor_ExitMuteMode), (62 bytes).
    Removing stm32f1xx_hal_uart.o(i.HAL_MultiProcessor_Init), (144 bytes).
    Removing stm32f1xx_hal_uart.o(i.HAL_UARTEx_GetRxEventType), (4 bytes).
    Removing stm32f1xx_hal_uart.o(i.HAL_UARTEx_ReceiveToIdle), (240 bytes).
    Removing stm32f1xx_hal_uart.o(i.HAL_UARTEx_ReceiveToIdle_DMA), (74 bytes).
    Removing stm32f1xx_hal_uart.o(i.HAL_UARTEx_ReceiveToIdle_IT), (78 bytes).
    Removing stm32f1xx_hal_uart.o(i.HAL_UART_Abort), (210 bytes).
    Removing stm32f1xx_hal_uart.o(i.HAL_UART_AbortCpltCallback), (2 bytes).
    Removing stm32f1xx_hal_uart.o(i.HAL_UART_AbortReceive), (148 bytes).
    Removing stm32f1xx_hal_uart.o(i.HAL_UART_AbortReceiveCpltCallback), (2 bytes).
    Removing stm32f1xx_hal_uart.o(i.HAL_UART_AbortReceive_IT), (152 bytes).
    Removing stm32f1xx_hal_uart.o(i.HAL_UART_AbortTransmit), (98 bytes).
    Removing stm32f1xx_hal_uart.o(i.HAL_UART_AbortTransmitCpltCallback), (2 bytes).
    Removing stm32f1xx_hal_uart.o(i.HAL_UART_AbortTransmit_IT), (104 bytes).
    Removing stm32f1xx_hal_uart.o(i.HAL_UART_Abort_IT), (244 bytes).
    Removing stm32f1xx_hal_uart.o(i.HAL_UART_DMAPause), (120 bytes).
    Removing stm32f1xx_hal_uart.o(i.HAL_UART_DMAResume), (114 bytes).
    Removing stm32f1xx_hal_uart.o(i.HAL_UART_DMAStop), (112 bytes).
    Removing stm32f1xx_hal_uart.o(i.HAL_UART_DeInit), (54 bytes).
    Removing stm32f1xx_hal_uart.o(i.HAL_UART_GetError), (4 bytes).
    Removing stm32f1xx_hal_uart.o(i.HAL_UART_GetState), (10 bytes).
    Removing stm32f1xx_hal_uart.o(i.HAL_UART_MspDeInit), (2 bytes).
    Removing stm32f1xx_hal_uart.o(i.HAL_UART_MspInit), (2 bytes).
    Removing stm32f1xx_hal_uart.o(i.HAL_UART_Receive), (176 bytes).
    Removing stm32f1xx_hal_uart.o(i.HAL_UART_Receive_DMA), (28 bytes).
    Removing stm32f1xx_hal_uart.o(i.HAL_UART_Receive_IT), (28 bytes).
    Removing stm32f1xx_hal_uart.o(i.HAL_UART_RxHalfCpltCallback), (2 bytes).
    Removing stm32f1xx_hal_uart.o(i.HAL_UART_Transmit_DMA), (120 bytes).
    Removing stm32f1xx_hal_uart.o(i.HAL_UART_Transmit_IT), (50 bytes).
    Removing stm32f1xx_hal_uart.o(i.HAL_UART_TxHalfCpltCallback), (2 bytes).
    Removing stm32f1xx_hal_uart.o(i.UART_DMAError), (74 bytes).
    Removing stm32f1xx_hal_uart.o(i.UART_DMAReceiveCplt), (134 bytes).
    Removing stm32f1xx_hal_uart.o(i.UART_DMARxAbortCallback), (44 bytes).
    Removing stm32f1xx_hal_uart.o(i.UART_DMARxHalfCplt), (30 bytes).
    Removing stm32f1xx_hal_uart.o(i.UART_DMARxOnlyAbortCallback), (22 bytes).
    Removing stm32f1xx_hal_uart.o(i.UART_DMATransmitCplt), (66 bytes).
    Removing stm32f1xx_hal_uart.o(i.UART_DMATxAbortCallback), (44 bytes).
    Removing stm32f1xx_hal_uart.o(i.UART_DMATxHalfCplt), (10 bytes).
    Removing stm32f1xx_hal_uart.o(i.UART_DMATxOnlyAbortCallback), (20 bytes).
    Removing stm32f1xx_hal_uart.o(i.UART_EndTxTransfer), (28 bytes).
    Removing stm32f1xx_hal_uart.o(i.UART_Start_Receive_DMA), (144 bytes).
    Removing stm32f1xx_hal_uart.o(i.UART_Start_Receive_IT), (54 bytes).
    Removing system_stm32f1xx.o(.rev16_text), (4 bytes).
    Removing system_stm32f1xx.o(.revsh_text), (4 bytes).
    Removing system_stm32f1xx.o(.rrx_text), (6 bytes).
    Removing system_stm32f1xx.o(i.SystemCoreClockUpdate), (104 bytes).
    Removing motor.o(.rev16_text), (4 bytes).
    Removing motor.o(.revsh_text), (4 bytes).
    Removing motor.o(.rrx_text), (6 bytes).
    Removing motor.o(.data), (4 bytes).
    Removing motor.o(.data), (4 bytes).
    Removing pid.o(.rev16_text), (4 bytes).
    Removing pid.o(.revsh_text), (4 bytes).
    Removing pid.o(.rrx_text), (6 bytes).
    Removing oled.o(.rev16_text), (4 bytes).
    Removing oled.o(.revsh_text), (4 bytes).
    Removing oled.o(.rrx_text), (6 bytes).
    Removing oled.o(i.OLED_Pow), (14 bytes).
    Removing oled.o(i.OLED_ShowBinNum), (58 bytes).
    Removing oled.o(i.OLED_ShowChar), (104 bytes).
    Removing oled.o(i.OLED_ShowHexNum), (68 bytes).
    Removing oled.o(i.OLED_ShowNum), (66 bytes).
    Removing oled.o(i.OLED_ShowSignedNum), (88 bytes).
    Removing oled.o(i.OLED_ShowString), (38 bytes).
    Removing oled.o(.constdata), (1520 bytes).
    Removing tcrt5000.o(.rev16_text), (4 bytes).
    Removing tcrt5000.o(.revsh_text), (4 bytes).
    Removing tcrt5000.o(.rrx_text), (6 bytes).
    Removing mpu6050.o(.rev16_text), (4 bytes).
    Removing mpu6050.o(.revsh_text), (4 bytes).
    Removing mpu6050.o(.rrx_text), (6 bytes).
    Removing mpu6050.o(i.MPU6050_GetData), (160 bytes).
    Removing mpu6050.o(i.MPU6050_Read), (48 bytes).
    Removing filter.o(i.Mahony_Filter), (68 bytes).
    Removing filter.o(.data), (48 bytes).

470 unused section(s) (total 39996 bytes) removed from the image.

==============================================================================

Image Symbol Table

    Local Symbols

    Symbol Name                              Value     Ov Type        Size  Object(Section)

    ../Core/Src/gpio.c                       0x00000000   Number         0  gpio.o ABSOLUTE
    ../Core/Src/i2c.c                        0x00000000   Number         0  i2c.o ABSOLUTE
    ../Core/Src/main.c                       0x00000000   Number         0  main.o ABSOLUTE
    ../Core/Src/stm32f1xx_hal_msp.c          0x00000000   Number         0  stm32f1xx_hal_msp.o ABSOLUTE
    ../Core/Src/stm32f1xx_it.c               0x00000000   Number         0  stm32f1xx_it.o ABSOLUTE
    ../Core/Src/system_stm32f1xx.c           0x00000000   Number         0  system_stm32f1xx.o ABSOLUTE
    ../Core/Src/tim.c                        0x00000000   Number         0  tim.o ABSOLUTE
    ../Core/Src/usart.c                      0x00000000   Number         0  usart.o ABSOLUTE
    ../Drivers/STM32F1xx_HAL_Driver/Src/stm32f1xx_hal.c 0x00000000   Number         0  stm32f1xx_hal.o ABSOLUTE
    ../Drivers/STM32F1xx_HAL_Driver/Src/stm32f1xx_hal_cortex.c 0x00000000   Number         0  stm32f1xx_hal_cortex.o ABSOLUTE
    ../Drivers/STM32F1xx_HAL_Driver/Src/stm32f1xx_hal_dma.c 0x00000000   Number         0  stm32f1xx_hal_dma.o ABSOLUTE
    ../Drivers/STM32F1xx_HAL_Driver/Src/stm32f1xx_hal_exti.c 0x00000000   Number         0  stm32f1xx_hal_exti.o ABSOLUTE
    ../Drivers/STM32F1xx_HAL_Driver/Src/stm32f1xx_hal_flash.c 0x00000000   Number         0  stm32f1xx_hal_flash.o ABSOLUTE
    ../Drivers/STM32F1xx_HAL_Driver/Src/stm32f1xx_hal_flash_ex.c 0x00000000   Number         0  stm32f1xx_hal_flash_ex.o ABSOLUTE
    ../Drivers/STM32F1xx_HAL_Driver/Src/stm32f1xx_hal_gpio.c 0x00000000   Number         0  stm32f1xx_hal_gpio.o ABSOLUTE
    ../Drivers/STM32F1xx_HAL_Driver/Src/stm32f1xx_hal_gpio_ex.c 0x00000000   Number         0  stm32f1xx_hal_gpio_ex.o ABSOLUTE
    ../Drivers/STM32F1xx_HAL_Driver/Src/stm32f1xx_hal_i2c.c 0x00000000   Number         0  stm32f1xx_hal_i2c.o ABSOLUTE
    ../Drivers/STM32F1xx_HAL_Driver/Src/stm32f1xx_hal_pwr.c 0x00000000   Number         0  stm32f1xx_hal_pwr.o ABSOLUTE
    ../Drivers/STM32F1xx_HAL_Driver/Src/stm32f1xx_hal_rcc.c 0x00000000   Number         0  stm32f1xx_hal_rcc.o ABSOLUTE
    ../Drivers/STM32F1xx_HAL_Driver/Src/stm32f1xx_hal_rcc_ex.c 0x00000000   Number         0  stm32f1xx_hal_rcc_ex.o ABSOLUTE
    ../Drivers/STM32F1xx_HAL_Driver/Src/stm32f1xx_hal_tim.c 0x00000000   Number         0  stm32f1xx_hal_tim.o ABSOLUTE
    ../Drivers/STM32F1xx_HAL_Driver/Src/stm32f1xx_hal_tim_ex.c 0x00000000   Number         0  stm32f1xx_hal_tim_ex.o ABSOLUTE
    ../Drivers/STM32F1xx_HAL_Driver/Src/stm32f1xx_hal_uart.c 0x00000000   Number         0  stm32f1xx_hal_uart.o ABSOLUTE
    ../clib/microlib/init/entry.s            0x00000000   Number         0  entry.o ABSOLUTE
    ../clib/microlib/init/entry.s            0x00000000   Number         0  entry7a.o ABSOLUTE
    ../clib/microlib/init/entry.s            0x00000000   Number         0  entry11b.o ABSOLUTE
    ../clib/microlib/init/entry.s            0x00000000   Number         0  entry11a.o ABSOLUTE
    ../clib/microlib/init/entry.s            0x00000000   Number         0  entry10b.o ABSOLUTE
    ../clib/microlib/init/entry.s            0x00000000   Number         0  entry7b.o ABSOLUTE
    ../clib/microlib/init/entry.s            0x00000000   Number         0  entry10a.o ABSOLUTE
    ../clib/microlib/init/entry.s            0x00000000   Number         0  entry9b.o ABSOLUTE
    ../clib/microlib/init/entry.s            0x00000000   Number         0  entry5.o ABSOLUTE
    ../clib/microlib/init/entry.s            0x00000000   Number         0  entry9a.o ABSOLUTE
    ../clib/microlib/init/entry.s            0x00000000   Number         0  entry8b.o ABSOLUTE
    ../clib/microlib/init/entry.s            0x00000000   Number         0  entry8a.o ABSOLUTE
    ../clib/microlib/init/entry.s            0x00000000   Number         0  entry2.o ABSOLUTE
    ../clib/microlib/longlong.c              0x00000000   Number         0  llushr.o ABSOLUTE
    ../clib/microlib/longlong.c              0x00000000   Number         0  llshl.o ABSOLUTE
    ../clib/microlib/longlong.c              0x00000000   Number         0  llsshr.o ABSOLUTE
    ../clib/microlib/string/memset.c         0x00000000   Number         0  memseta.o ABSOLUTE
    ../clib/microlib/stubs.s                 0x00000000   Number         0  iusefp.o ABSOLUTE
    ../fplib/microlib/d2f.c                  0x00000000   Number         0  d2f.o ABSOLUTE
    ../fplib/microlib/f2d.c                  0x00000000   Number         0  f2d.o ABSOLUTE
    ../fplib/microlib/fpadd.c                0x00000000   Number         0  fadd.o ABSOLUTE
    ../fplib/microlib/fpadd.c                0x00000000   Number         0  dadd.o ABSOLUTE
    ../fplib/microlib/fpdiv.c                0x00000000   Number         0  fdiv.o ABSOLUTE
    ../fplib/microlib/fpdiv.c                0x00000000   Number         0  ddiv.o ABSOLUTE
    ../fplib/microlib/fpepilogue.c           0x00000000   Number         0  fepilogue.o ABSOLUTE
    ../fplib/microlib/fpepilogue.c           0x00000000   Number         0  depilogue.o ABSOLUTE
    ../fplib/microlib/fpfix.c                0x00000000   Number         0  ffixi.o ABSOLUTE
    ../fplib/microlib/fpfix.c                0x00000000   Number         0  ffixui.o ABSOLUTE
    ../fplib/microlib/fpflt.c                0x00000000   Number         0  fflti.o ABSOLUTE
    ../fplib/microlib/fpflt.c                0x00000000   Number         0  dflti.o ABSOLUTE
    ../fplib/microlib/fpmul.c                0x00000000   Number         0  dmul.o ABSOLUTE
    ../fplib/microlib/fpmul.c                0x00000000   Number         0  fmul.o ABSOLUTE
    ../fplib/microlib/fpscalb.c              0x00000000   Number         0  fscalb.o ABSOLUTE
    ../fplib/microlib/fpscalb.c              0x00000000   Number         0  dscalb.o ABSOLUTE
    ../mathlib/atan.c                        0x00000000   Number         0  atan_x.o ABSOLUTE
    ../mathlib/atan.c                        0x00000000   Number         0  atan.o ABSOLUTE
    ../mathlib/dunder.c                      0x00000000   Number         0  dunder.o ABSOLUTE
    ../mathlib/fpclassify.c                  0x00000000   Number         0  fpclassify.o ABSOLUTE
    ../mathlib/poly.c                        0x00000000   Number         0  poly.o ABSOLUTE
    ..\Core\Src\gpio.c                       0x00000000   Number         0  gpio.o ABSOLUTE
    ..\Core\Src\i2c.c                        0x00000000   Number         0  i2c.o ABSOLUTE
    ..\Core\Src\main.c                       0x00000000   Number         0  main.o ABSOLUTE
    ..\Core\Src\stm32f1xx_hal_msp.c          0x00000000   Number         0  stm32f1xx_hal_msp.o ABSOLUTE
    ..\Core\Src\stm32f1xx_it.c               0x00000000   Number         0  stm32f1xx_it.o ABSOLUTE
    ..\Core\Src\system_stm32f1xx.c           0x00000000   Number         0  system_stm32f1xx.o ABSOLUTE
    ..\Core\Src\tim.c                        0x00000000   Number         0  tim.o ABSOLUTE
    ..\Core\Src\usart.c                      0x00000000   Number         0  usart.o ABSOLUTE
    ..\Drivers\STM32F1xx_HAL_Driver\Src\stm32f1xx_hal.c 0x00000000   Number         0  stm32f1xx_hal.o ABSOLUTE
    ..\Drivers\STM32F1xx_HAL_Driver\Src\stm32f1xx_hal_cortex.c 0x00000000   Number         0  stm32f1xx_hal_cortex.o ABSOLUTE
    ..\Drivers\STM32F1xx_HAL_Driver\Src\stm32f1xx_hal_dma.c 0x00000000   Number         0  stm32f1xx_hal_dma.o ABSOLUTE
    ..\Drivers\STM32F1xx_HAL_Driver\Src\stm32f1xx_hal_exti.c 0x00000000   Number         0  stm32f1xx_hal_exti.o ABSOLUTE
    ..\Drivers\STM32F1xx_HAL_Driver\Src\stm32f1xx_hal_flash.c 0x00000000   Number         0  stm32f1xx_hal_flash.o ABSOLUTE
    ..\Drivers\STM32F1xx_HAL_Driver\Src\stm32f1xx_hal_flash_ex.c 0x00000000   Number         0  stm32f1xx_hal_flash_ex.o ABSOLUTE
    ..\Drivers\STM32F1xx_HAL_Driver\Src\stm32f1xx_hal_gpio.c 0x00000000   Number         0  stm32f1xx_hal_gpio.o ABSOLUTE
    ..\Drivers\STM32F1xx_HAL_Driver\Src\stm32f1xx_hal_gpio_ex.c 0x00000000   Number         0  stm32f1xx_hal_gpio_ex.o ABSOLUTE
    ..\Drivers\STM32F1xx_HAL_Driver\Src\stm32f1xx_hal_i2c.c 0x00000000   Number         0  stm32f1xx_hal_i2c.o ABSOLUTE
    ..\Drivers\STM32F1xx_HAL_Driver\Src\stm32f1xx_hal_pwr.c 0x00000000   Number         0  stm32f1xx_hal_pwr.o ABSOLUTE
    ..\Drivers\STM32F1xx_HAL_Driver\Src\stm32f1xx_hal_rcc.c 0x00000000   Number         0  stm32f1xx_hal_rcc.o ABSOLUTE
    ..\Drivers\STM32F1xx_HAL_Driver\Src\stm32f1xx_hal_rcc_ex.c 0x00000000   Number         0  stm32f1xx_hal_rcc_ex.o ABSOLUTE
    ..\Drivers\STM32F1xx_HAL_Driver\Src\stm32f1xx_hal_tim.c 0x00000000   Number         0  stm32f1xx_hal_tim.o ABSOLUTE
    ..\Drivers\STM32F1xx_HAL_Driver\Src\stm32f1xx_hal_tim_ex.c 0x00000000   Number         0  stm32f1xx_hal_tim_ex.o ABSOLUTE
    ..\Drivers\STM32F1xx_HAL_Driver\Src\stm32f1xx_hal_uart.c 0x00000000   Number         0  stm32f1xx_hal_uart.o ABSOLUTE
    ..\User_Lib\src\MPU6050.c                0x00000000   Number         0  mpu6050.o ABSOLUTE
    ..\User_Lib\src\OLED.c                   0x00000000   Number         0  oled.o ABSOLUTE
    ..\User_Lib\src\PID.c                    0x00000000   Number         0  pid.o ABSOLUTE
    ..\User_Lib\src\filter.c                 0x00000000   Number         0  filter.o ABSOLUTE
    ..\User_Lib\src\motor.c                  0x00000000   Number         0  motor.o ABSOLUTE
    ..\User_Lib\src\tcrt5000.c               0x00000000   Number         0  tcrt5000.o ABSOLUTE
    ..\User_Lib\src\usart3_debug.c           0x00000000   Number         0  usart3_debug.o ABSOLUTE
    ..\\User_Lib\\src\\MPU6050.c             0x00000000   Number         0  mpu6050.o ABSOLUTE
    ..\\User_Lib\\src\\OLED.c                0x00000000   Number         0  oled.o ABSOLUTE
    ..\\User_Lib\\src\\PID.c                 0x00000000   Number         0  pid.o ABSOLUTE
    ..\\User_Lib\\src\\motor.c               0x00000000   Number         0  motor.o ABSOLUTE
    ..\\User_Lib\\src\\tcrt5000.c            0x00000000   Number         0  tcrt5000.o ABSOLUTE
    dc.s                                     0x00000000   Number         0  dc.o ABSOLUTE
    handlers.s                               0x00000000   Number         0  handlers.o ABSOLUTE
    init.s                                   0x00000000   Number         0  init.o ABSOLUTE
    startup_stm32f103xb.s                    0x00000000   Number         0  startup_stm32f103xb.o ABSOLUTE
    RESET                                    0x08000000   Section      236  startup_stm32f103xb.o(RESET)
    .ARM.Collect$$$$00000000                 0x080000ec   Section        0  entry.o(.ARM.Collect$$$$00000000)
    .ARM.Collect$$$$00000001                 0x080000ec   Section        4  entry2.o(.ARM.Collect$$$$00000001)
    .ARM.Collect$$$$00000004                 0x080000f0   Section        4  entry5.o(.ARM.Collect$$$$00000004)
    .ARM.Collect$$$$00000008                 0x080000f4   Section        0  entry7b.o(.ARM.Collect$$$$00000008)
    .ARM.Collect$$$$0000000A                 0x080000f4   Section        0  entry8b.o(.ARM.Collect$$$$0000000A)
    .ARM.Collect$$$$0000000B                 0x080000f4   Section        8  entry9a.o(.ARM.Collect$$$$0000000B)
    .ARM.Collect$$$$0000000D                 0x080000fc   Section        0  entry10a.o(.ARM.Collect$$$$0000000D)
    .ARM.Collect$$$$0000000F                 0x080000fc   Section        0  entry11a.o(.ARM.Collect$$$$0000000F)
    .ARM.Collect$$$$00002712                 0x080000fc   Section        4  entry2.o(.ARM.Collect$$$$00002712)
    __lit__00000000                          0x080000fc   Data           4  entry2.o(.ARM.Collect$$$$00002712)
    .text                                    0x08000100   Section       36  startup_stm32f103xb.o(.text)
    .text                                    0x08000124   Section        0  llushr.o(.text)
    .text                                    0x08000144   Section        0  memseta.o(.text)
    .text                                    0x08000168   Section        0  fadd.o(.text)
    .text                                    0x08000218   Section        0  fmul.o(.text)
    .text                                    0x0800027c   Section        0  fdiv.o(.text)
    .text                                    0x080002f8   Section        0  fscalb.o(.text)
    .text                                    0x08000310   Section        0  dadd.o(.text)
    .text                                    0x0800045e   Section        0  dmul.o(.text)
    .text                                    0x08000542   Section        0  ddiv.o(.text)
    .text                                    0x08000620   Section        0  fflti.o(.text)
    .text                                    0x08000632   Section        0  dflti.o(.text)
    .text                                    0x08000654   Section        0  ffixi.o(.text)
    .text                                    0x08000686   Section        0  ffixui.o(.text)
    .text                                    0x080006ae   Section        0  f2d.o(.text)
    .text                                    0x080006d4   Section        0  d2f.o(.text)
    .text                                    0x0800070c   Section        0  llshl.o(.text)
    .text                                    0x0800072a   Section        0  llsshr.o(.text)
    .text                                    0x0800074e   Section        0  iusefp.o(.text)
    .text                                    0x0800074e   Section        0  fepilogue.o(.text)
    .text                                    0x080007bc   Section        0  depilogue.o(.text)
    .text                                    0x08000876   Section        0  dscalb.o(.text)
    .text                                    0x080008a4   Section       36  init.o(.text)
    i.BusFault_Handler                       0x080008c8   Section        0  stm32f1xx_it.o(i.BusFault_Handler)
    i.DebugMon_Handler                       0x080008ca   Section        0  stm32f1xx_it.o(i.DebugMon_Handler)
    i.EXTI15_10_IRQHandler                   0x080008cc   Section        0  stm32f1xx_it.o(i.EXTI15_10_IRQHandler)
    i.EXTI2_IRQHandler                       0x080008d4   Section        0  stm32f1xx_it.o(i.EXTI2_IRQHandler)
    i.EXTI4_IRQHandler                       0x080008da   Section        0  stm32f1xx_it.o(i.EXTI4_IRQHandler)
    i.Error_Handler                          0x080008e0   Section        0  main.o(i.Error_Handler)
    i.HAL_DMA_Abort                          0x080008e4   Section        0  stm32f1xx_hal_dma.o(i.HAL_DMA_Abort)
    i.HAL_DMA_Abort_IT                       0x0800092c   Section        0  stm32f1xx_hal_dma.o(i.HAL_DMA_Abort_IT)
    i.HAL_Delay                              0x080009c4   Section        0  stm32f1xx_hal.o(i.HAL_Delay)
    i.HAL_GPIO_EXTI_Callback                 0x080009e8   Section        0  main.o(i.HAL_GPIO_EXTI_Callback)
    i.HAL_GPIO_EXTI_IRQHandler               0x08000a40   Section        0  stm32f1xx_hal_gpio.o(i.HAL_GPIO_EXTI_IRQHandler)
    i.HAL_GPIO_Init                          0x08000a58   Section        0  stm32f1xx_hal_gpio.o(i.HAL_GPIO_Init)
    i.HAL_GPIO_ReadPin                       0x08000c38   Section        0  stm32f1xx_hal_gpio.o(i.HAL_GPIO_ReadPin)
    i.HAL_GPIO_WritePin                      0x08000c42   Section        0  stm32f1xx_hal_gpio.o(i.HAL_GPIO_WritePin)
    i.HAL_GetTick                            0x08000c4c   Section        0  stm32f1xx_hal.o(i.HAL_GetTick)
    i.HAL_I2C_Init                           0x08000c58   Section        0  stm32f1xx_hal_i2c.o(i.HAL_I2C_Init)
    i.HAL_I2C_Master_Transmit                0x08000de0   Section        0  stm32f1xx_hal_i2c.o(i.HAL_I2C_Master_Transmit)
    i.HAL_I2C_MspInit                        0x08000f0c   Section        0  i2c.o(i.HAL_I2C_MspInit)
    i.HAL_IncTick                            0x08000f68   Section        0  stm32f1xx_hal.o(i.HAL_IncTick)
    i.HAL_Init                               0x08000f78   Section        0  stm32f1xx_hal.o(i.HAL_Init)
    i.HAL_InitTick                           0x08000f9c   Section        0  stm32f1xx_hal.o(i.HAL_InitTick)
    i.HAL_MspInit                            0x08000fdc   Section        0  stm32f1xx_hal_msp.o(i.HAL_MspInit)
    i.HAL_NVIC_EnableIRQ                     0x08001018   Section        0  stm32f1xx_hal_cortex.o(i.HAL_NVIC_EnableIRQ)
    i.HAL_NVIC_SetPriority                   0x08001034   Section        0  stm32f1xx_hal_cortex.o(i.HAL_NVIC_SetPriority)
    i.HAL_NVIC_SetPriorityGrouping           0x08001074   Section        0  stm32f1xx_hal_cortex.o(i.HAL_NVIC_SetPriorityGrouping)
    i.HAL_RCC_ClockConfig                    0x08001098   Section        0  stm32f1xx_hal_rcc.o(i.HAL_RCC_ClockConfig)
    i.HAL_RCC_GetPCLK1Freq                   0x080011c4   Section        0  stm32f1xx_hal_rcc.o(i.HAL_RCC_GetPCLK1Freq)
    i.HAL_RCC_GetPCLK2Freq                   0x080011e4   Section        0  stm32f1xx_hal_rcc.o(i.HAL_RCC_GetPCLK2Freq)
    i.HAL_RCC_GetSysClockFreq                0x08001204   Section        0  stm32f1xx_hal_rcc.o(i.HAL_RCC_GetSysClockFreq)
    i.HAL_RCC_OscConfig                      0x08001250   Section        0  stm32f1xx_hal_rcc.o(i.HAL_RCC_OscConfig)
    i.HAL_SYSTICK_Config                     0x08001570   Section        0  stm32f1xx_hal_cortex.o(i.HAL_SYSTICK_Config)
    i.HAL_TIMEx_BreakCallback                0x08001598   Section        0  stm32f1xx_hal_tim_ex.o(i.HAL_TIMEx_BreakCallback)
    i.HAL_TIMEx_CommutCallback               0x0800159a   Section        0  stm32f1xx_hal_tim_ex.o(i.HAL_TIMEx_CommutCallback)
    i.HAL_TIMEx_MasterConfigSynchronization  0x0800159c   Section        0  stm32f1xx_hal_tim_ex.o(i.HAL_TIMEx_MasterConfigSynchronization)
    i.HAL_TIM_Base_Init                      0x08001604   Section        0  stm32f1xx_hal_tim.o(i.HAL_TIM_Base_Init)
    i.HAL_TIM_Base_MspInit                   0x08001660   Section        0  tim.o(i.HAL_TIM_Base_MspInit)
    i.HAL_TIM_Base_Start_IT                  0x080016c0   Section        0  stm32f1xx_hal_tim.o(i.HAL_TIM_Base_Start_IT)
    i.HAL_TIM_ConfigClockSource              0x08001718   Section        0  stm32f1xx_hal_tim.o(i.HAL_TIM_ConfigClockSource)
    i.HAL_TIM_IC_CaptureCallback             0x080017f4   Section        0  stm32f1xx_hal_tim.o(i.HAL_TIM_IC_CaptureCallback)
    i.HAL_TIM_IRQHandler                     0x080017f6   Section        0  stm32f1xx_hal_tim.o(i.HAL_TIM_IRQHandler)
    i.HAL_TIM_MspPostInit                    0x08001928   Section        0  tim.o(i.HAL_TIM_MspPostInit)
    i.HAL_TIM_OC_DelayElapsedCallback        0x08001970   Section        0  stm32f1xx_hal_tim.o(i.HAL_TIM_OC_DelayElapsedCallback)
    i.HAL_TIM_PWM_ConfigChannel              0x08001972   Section        0  stm32f1xx_hal_tim.o(i.HAL_TIM_PWM_ConfigChannel)
    i.HAL_TIM_PWM_Init                       0x08001a3e   Section        0  stm32f1xx_hal_tim.o(i.HAL_TIM_PWM_Init)
    i.HAL_TIM_PWM_MspInit                    0x08001a98   Section        0  stm32f1xx_hal_tim.o(i.HAL_TIM_PWM_MspInit)
    i.HAL_TIM_PWM_PulseFinishedCallback      0x08001a9a   Section        0  stm32f1xx_hal_tim.o(i.HAL_TIM_PWM_PulseFinishedCallback)
    i.HAL_TIM_PWM_Start                      0x08001a9c   Section        0  stm32f1xx_hal_tim.o(i.HAL_TIM_PWM_Start)
    i.HAL_TIM_PeriodElapsedCallback          0x08001b38   Section        0  main.o(i.HAL_TIM_PeriodElapsedCallback)
    i.HAL_TIM_TriggerCallback                0x08001b68   Section        0  stm32f1xx_hal_tim.o(i.HAL_TIM_TriggerCallback)
    i.HAL_UARTEx_RxEventCallback             0x08001b6a   Section        0  stm32f1xx_hal_uart.o(i.HAL_UARTEx_RxEventCallback)
    i.HAL_UART_ErrorCallback                 0x08001b6c   Section        0  stm32f1xx_hal_uart.o(i.HAL_UART_ErrorCallback)
    i.HAL_UART_IRQHandler                    0x08001b70   Section        0  stm32f1xx_hal_uart.o(i.HAL_UART_IRQHandler)
    i.HAL_UART_Init                          0x08001ddc   Section        0  stm32f1xx_hal_uart.o(i.HAL_UART_Init)
    i.HAL_UART_MspInit                       0x08001e40   Section        0  usart.o(i.HAL_UART_MspInit)
    i.HAL_UART_RxCpltCallback                0x08001ec0   Section        0  stm32f1xx_hal_uart.o(i.HAL_UART_RxCpltCallback)
    i.HAL_UART_Transmit                      0x08001ec2   Section        0  stm32f1xx_hal_uart.o(i.HAL_UART_Transmit)
    i.HAL_UART_TxCpltCallback                0x08001f62   Section        0  stm32f1xx_hal_uart.o(i.HAL_UART_TxCpltCallback)
    i.HardFault_Handler                      0x08001f64   Section        0  stm32f1xx_it.o(i.HardFault_Handler)
    i.I2C_IsAcknowledgeFailed                0x08001f66   Section        0  stm32f1xx_hal_i2c.o(i.I2C_IsAcknowledgeFailed)
    I2C_IsAcknowledgeFailed                  0x08001f67   Thumb Code    46  stm32f1xx_hal_i2c.o(i.I2C_IsAcknowledgeFailed)
    i.I2C_MasterRequestWrite                 0x08001f94   Section        0  stm32f1xx_hal_i2c.o(i.I2C_MasterRequestWrite)
    I2C_MasterRequestWrite                   0x08001f95   Thumb Code   150  stm32f1xx_hal_i2c.o(i.I2C_MasterRequestWrite)
    i.I2C_WaitOnBTFFlagUntilTimeout          0x08002030   Section        0  stm32f1xx_hal_i2c.o(i.I2C_WaitOnBTFFlagUntilTimeout)
    I2C_WaitOnBTFFlagUntilTimeout            0x08002031   Thumb Code    86  stm32f1xx_hal_i2c.o(i.I2C_WaitOnBTFFlagUntilTimeout)
    i.I2C_WaitOnFlagUntilTimeout             0x08002088   Section        0  stm32f1xx_hal_i2c.o(i.I2C_WaitOnFlagUntilTimeout)
    I2C_WaitOnFlagUntilTimeout               0x08002089   Thumb Code   144  stm32f1xx_hal_i2c.o(i.I2C_WaitOnFlagUntilTimeout)
    i.I2C_WaitOnMasterAddressFlagUntilTimeout 0x08002118   Section        0  stm32f1xx_hal_i2c.o(i.I2C_WaitOnMasterAddressFlagUntilTimeout)
    I2C_WaitOnMasterAddressFlagUntilTimeout  0x08002119   Thumb Code   188  stm32f1xx_hal_i2c.o(i.I2C_WaitOnMasterAddressFlagUntilTimeout)
    i.I2C_WaitOnTXEFlagUntilTimeout          0x080021d4   Section        0  stm32f1xx_hal_i2c.o(i.I2C_WaitOnTXEFlagUntilTimeout)
    I2C_WaitOnTXEFlagUntilTimeout            0x080021d5   Thumb Code    86  stm32f1xx_hal_i2c.o(i.I2C_WaitOnTXEFlagUntilTimeout)
    i.Kalman_Filter                          0x0800222a   Section        0  filter.o(i.Kalman_Filter)
    i.MPU6050_Init                           0x08002342   Section        0  mpu6050.o(i.MPU6050_Init)
    i.MPU6050_Write                          0x08002380   Section        0  mpu6050.o(i.MPU6050_Write)
    i.MX_GPIO_Init                           0x080023a4   Section        0  gpio.o(i.MX_GPIO_Init)
    i.MX_I2C1_Init                           0x080024b4   Section        0  i2c.o(i.MX_I2C1_Init)
    i.MX_TIM2_Init                           0x080024f4   Section        0  tim.o(i.MX_TIM2_Init)
    i.MX_TIM3_Init                           0x0800259c   Section        0  tim.o(i.MX_TIM3_Init)
    i.MX_USART3_UART_Init                    0x08002604   Section        0  usart.o(i.MX_USART3_UART_Init)
    i.MemManage_Handler                      0x0800263c   Section        0  stm32f1xx_it.o(i.MemManage_Handler)
    i.MotorA_Duty                            0x08002640   Section        0  motor.o(i.MotorA_Duty)
    i.MotorB_Duty                            0x0800267c   Section        0  motor.o(i.MotorB_Duty)
    i.Motor_Target_Set                       0x080026c0   Section        0  pid.o(i.Motor_Target_Set)
    i.NMI_Handler                            0x0800270c   Section        0  stm32f1xx_it.o(i.NMI_Handler)
    i.OLED_Clear                             0x0800270e   Section        0  oled.o(i.OLED_Clear)
    i.OLED_I2C_Init                          0x08002734   Section        0  oled.o(i.OLED_I2C_Init)
    i.OLED_I2C_SendByte                      0x08002788   Section        0  oled.o(i.OLED_I2C_SendByte)
    i.OLED_I2C_Start                         0x080027e4   Section        0  oled.o(i.OLED_I2C_Start)
    i.OLED_I2C_Stop                          0x0800281c   Section        0  oled.o(i.OLED_I2C_Stop)
    i.OLED_Init                              0x0800284c   Section        0  oled.o(i.OLED_Init)
    i.OLED_SetCursor                         0x080028f8   Section        0  oled.o(i.OLED_SetCursor)
    i.OLED_WriteCommand                      0x0800291a   Section        0  oled.o(i.OLED_WriteCommand)
    i.OLED_WriteData                         0x0800293c   Section        0  oled.o(i.OLED_WriteData)
    i.PID_Control                            0x08002960   Section        0  pid.o(i.PID_Control)
    i.PID_Init                               0x08002a1c   Section        0  pid.o(i.PID_Init)
    i.PendSV_Handler                         0x08002a2a   Section        0  stm32f1xx_it.o(i.PendSV_Handler)
    i.SVC_Handler                            0x08002a2c   Section        0  stm32f1xx_it.o(i.SVC_Handler)
    i.SysTick_Handler                        0x08002a2e   Section        0  stm32f1xx_it.o(i.SysTick_Handler)
    i.SystemClock_Config                     0x08002a32   Section        0  main.o(i.SystemClock_Config)
    i.SystemInit                             0x08002a90   Section        0  system_stm32f1xx.o(i.SystemInit)
    i.TCRT_Init                              0x08002a94   Section        0  tcrt5000.o(i.TCRT_Init)
    i.TIM2_IRQHandler                        0x08002bf8   Section        0  stm32f1xx_it.o(i.TIM2_IRQHandler)
    i.TIM3_IRQHandler                        0x08002c04   Section        0  stm32f1xx_it.o(i.TIM3_IRQHandler)
    i.TIM_Base_SetConfig                     0x08002c10   Section        0  stm32f1xx_hal_tim.o(i.TIM_Base_SetConfig)
    i.TIM_CCxChannelCmd                      0x08002c88   Section        0  stm32f1xx_hal_tim.o(i.TIM_CCxChannelCmd)
    i.TIM_ETR_SetConfig                      0x08002ca2   Section        0  stm32f1xx_hal_tim.o(i.TIM_ETR_SetConfig)
    i.TIM_ITRx_SetConfig                     0x08002cb6   Section        0  stm32f1xx_hal_tim.o(i.TIM_ITRx_SetConfig)
    TIM_ITRx_SetConfig                       0x08002cb7   Thumb Code    16  stm32f1xx_hal_tim.o(i.TIM_ITRx_SetConfig)
    i.TIM_OC1_SetConfig                      0x08002cc8   Section        0  stm32f1xx_hal_tim.o(i.TIM_OC1_SetConfig)
    TIM_OC1_SetConfig                        0x08002cc9   Thumb Code    74  stm32f1xx_hal_tim.o(i.TIM_OC1_SetConfig)
    i.TIM_OC2_SetConfig                      0x08002d18   Section        0  stm32f1xx_hal_tim.o(i.TIM_OC2_SetConfig)
    i.TIM_OC3_SetConfig                      0x08002d70   Section        0  stm32f1xx_hal_tim.o(i.TIM_OC3_SetConfig)
    TIM_OC3_SetConfig                        0x08002d71   Thumb Code    82  stm32f1xx_hal_tim.o(i.TIM_OC3_SetConfig)
    i.TIM_OC4_SetConfig                      0x08002dc8   Section        0  stm32f1xx_hal_tim.o(i.TIM_OC4_SetConfig)
    TIM_OC4_SetConfig                        0x08002dc9   Thumb Code    64  stm32f1xx_hal_tim.o(i.TIM_OC4_SetConfig)
    i.TIM_TI1_ConfigInputStage               0x08002e0c   Section        0  stm32f1xx_hal_tim.o(i.TIM_TI1_ConfigInputStage)
    TIM_TI1_ConfigInputStage                 0x08002e0d   Thumb Code    34  stm32f1xx_hal_tim.o(i.TIM_TI1_ConfigInputStage)
    i.TIM_TI2_ConfigInputStage               0x08002e2e   Section        0  stm32f1xx_hal_tim.o(i.TIM_TI2_ConfigInputStage)
    TIM_TI2_ConfigInputStage                 0x08002e2f   Thumb Code    36  stm32f1xx_hal_tim.o(i.TIM_TI2_ConfigInputStage)
    i.UART_DMAAbortOnError                   0x08002e52   Section        0  stm32f1xx_hal_uart.o(i.UART_DMAAbortOnError)
    UART_DMAAbortOnError                     0x08002e53   Thumb Code    16  stm32f1xx_hal_uart.o(i.UART_DMAAbortOnError)
    i.UART_EndRxTransfer                     0x08002e62   Section        0  stm32f1xx_hal_uart.o(i.UART_EndRxTransfer)
    UART_EndRxTransfer                       0x08002e63   Thumb Code    78  stm32f1xx_hal_uart.o(i.UART_EndRxTransfer)
    i.UART_Receive_IT                        0x08002eb0   Section        0  stm32f1xx_hal_uart.o(i.UART_Receive_IT)
    UART_Receive_IT                          0x08002eb1   Thumb Code   194  stm32f1xx_hal_uart.o(i.UART_Receive_IT)
    i.UART_SetConfig                         0x08002f74   Section        0  stm32f1xx_hal_uart.o(i.UART_SetConfig)
    UART_SetConfig                           0x08002f75   Thumb Code   178  stm32f1xx_hal_uart.o(i.UART_SetConfig)
    i.UART_WaitOnFlagUntilTimeout            0x0800302c   Section        0  stm32f1xx_hal_uart.o(i.UART_WaitOnFlagUntilTimeout)
    UART_WaitOnFlagUntilTimeout              0x0800302d   Thumb Code   114  stm32f1xx_hal_uart.o(i.UART_WaitOnFlagUntilTimeout)
    i.USART3_IRQHandler                      0x080030a0   Section        0  stm32f1xx_it.o(i.USART3_IRQHandler)
    i.UsageFault_Handler                     0x080030ac   Section        0  stm32f1xx_it.o(i.UsageFault_Handler)
    i.__ARM_fpclassify                       0x080030ae   Section        0  fpclassify.o(i.__ARM_fpclassify)
    i.__NVIC_SetPriority                     0x080030d6   Section        0  stm32f1xx_hal_cortex.o(i.__NVIC_SetPriority)
    __NVIC_SetPriority                       0x080030d7   Thumb Code    32  stm32f1xx_hal_cortex.o(i.__NVIC_SetPriority)
    i.__kernel_poly                          0x080030f6   Section        0  poly.o(i.__kernel_poly)
    i.__mathlib_dbl_infnan                   0x080031a0   Section        0  dunder.o(i.__mathlib_dbl_infnan)
    i.__mathlib_dbl_underflow                0x080031a8   Section        0  dunder.o(i.__mathlib_dbl_underflow)
    i.__scatterload_copy                     0x080031b8   Section       14  handlers.o(i.__scatterload_copy)
    i.__scatterload_null                     0x080031c6   Section        2  handlers.o(i.__scatterload_null)
    i.__scatterload_zeroinit                 0x080031c8   Section       14  handlers.o(i.__scatterload_zeroinit)
    i.atan                                   0x080031d8   Section        0  atan.o(i.atan)
    i.datavision_send                        0x080033f8   Section        0  pid.o(i.datavision_send)
    i.main                                   0x08003464   Section        0  main.o(i.main)
    i.pid_Limit                              0x080036dc   Section        0  pid.o(i.pid_Limit)
    i.pid_cal                                0x080036f8   Section        0  pid.o(i.pid_cal)
    i.pwm_update_hal                         0x080037ac   Section        0  motor.o(i.pwm_update_hal)
    .constdata                               0x080037de   Section       18  stm32f1xx_hal_rcc.o(.constdata)
    aPredivFactorTable                       0x080037de   Data           2  stm32f1xx_hal_rcc.o(.constdata)
    aPLLMULFactorTable                       0x080037e0   Data          16  stm32f1xx_hal_rcc.o(.constdata)
    .constdata                               0x080037f0   Section       16  system_stm32f1xx.o(.constdata)
    .constdata                               0x08003800   Section        8  system_stm32f1xx.o(.constdata)
    .constdata                               0x08003808   Section      152  atan.o(.constdata)
    atanhi                                   0x08003808   Data          32  atan.o(.constdata)
    atanlo                                   0x08003828   Data          32  atan.o(.constdata)
    aTodd                                    0x08003848   Data          40  atan.o(.constdata)
    aTeven                                   0x08003870   Data          48  atan.o(.constdata)
    .data                                    0x20000000   Section       16  main.o(.data)
    div                                      0x20000001   Data           1  main.o(.data)
    .data                                    0x20000010   Section       12  stm32f1xx_hal.o(.data)
    .data                                    0x2000001c   Section        4  system_stm32f1xx.o(.data)
    .data                                    0x20000020   Section        4  motor.o(.data)
    .data                                    0x20000024   Section        4  motor.o(.data)
    .data                                    0x20000028   Section        2  motor.o(.data)
    .data                                    0x2000002c   Section       16  pid.o(.data)
    speed_tick                               0x20000030   Data           2  pid.o(.data)
    encA_sum                                 0x20000034   Data           4  pid.o(.data)
    encB_sum                                 0x20000038   Data           4  pid.o(.data)
    .data                                    0x2000003c   Section        1  tcrt5000.o(.data)
    status                                   0x2000003c   Data           1  tcrt5000.o(.data)
    .data                                    0x20000040   Section        4  mpu6050.o(.data)
    .data                                    0x20000044   Section        4  mpu6050.o(.data)
    .data                                    0x20000048   Section        4  mpu6050.o(.data)
    .data                                    0x2000004c   Section        4  mpu6050.o(.data)
    .data                                    0x20000050   Section        4  mpu6050.o(.data)
    .data                                    0x20000054   Section        4  mpu6050.o(.data)
    .data                                    0x20000058   Section        4  mpu6050.o(.data)
    .data                                    0x2000005c   Section        4  mpu6050.o(.data)
    .data                                    0x20000060   Section        4  mpu6050.o(.data)
    .data                                    0x20000064   Section       48  filter.o(.data)
    .data                                    0x20000094   Section       48  filter.o(.data)
    .bss                                     0x200000c4   Section       84  i2c.o(.bss)
    .bss                                     0x20000118   Section      144  tim.o(.bss)
    .bss                                     0x200001a8   Section       72  usart.o(.bss)
    .bss                                     0x200001f0   Section      104  pid.o(.bss)
    .bss                                     0x20000258   Section       52  pid.o(.bss)
    STACK                                    0x20000290   Section     1024  startup_stm32f103xb.o(STACK)

    Global Symbols

    Symbol Name                              Value     Ov Type        Size  Object(Section)

    BuildAttributes$$THM_ISAv4$P$D$K$B$S$PE$A:L22UL41UL21$X:L11$S22US41US21$IEEE1$IW$USESV6$~STKCKD$USESV7$~SHL$OTIME$ROPI$IEEEX$EBA8$MICROLIB$REQ8$PRES8$EABIv2 0x00000000   Number         0  anon$$obj.o ABSOLUTE
    __ARM_use_no_argv                        0x00000000   Number         0  main.o ABSOLUTE
    __cpp_initialize__aeabi_                  - Undefined Weak Reference
    __cxa_finalize                            - Undefined Weak Reference
    __decompress                              - Undefined Weak Reference
    _clock_init                               - Undefined Weak Reference
    _microlib_exit                            - Undefined Weak Reference
    __Vectors_Size                           0x000000ec   Number         0  startup_stm32f103xb.o ABSOLUTE
    __Vectors                                0x08000000   Data           4  startup_stm32f103xb.o(RESET)
    __Vectors_End                            0x080000ec   Data           0  startup_stm32f103xb.o(RESET)
    __main                                   0x080000ed   Thumb Code     0  entry.o(.ARM.Collect$$$$00000000)
    _main_stk                                0x080000ed   Thumb Code     0  entry2.o(.ARM.Collect$$$$00000001)
    _main_scatterload                        0x080000f1   Thumb Code     0  entry5.o(.ARM.Collect$$$$00000004)
    __main_after_scatterload                 0x080000f5   Thumb Code     0  entry5.o(.ARM.Collect$$$$00000004)
    _main_clock                              0x080000f5   Thumb Code     0  entry7b.o(.ARM.Collect$$$$00000008)
    _main_cpp_init                           0x080000f5   Thumb Code     0  entry8b.o(.ARM.Collect$$$$0000000A)
    _main_init                               0x080000f5   Thumb Code     0  entry9a.o(.ARM.Collect$$$$0000000B)
    __rt_final_cpp                           0x080000fd   Thumb Code     0  entry10a.o(.ARM.Collect$$$$0000000D)
    __rt_final_exit                          0x080000fd   Thumb Code     0  entry11a.o(.ARM.Collect$$$$0000000F)
    Reset_Handler                            0x08000101   Thumb Code     8  startup_stm32f103xb.o(.text)
    ADC1_2_IRQHandler                        0x0800011b   Thumb Code     0  startup_stm32f103xb.o(.text)
    CAN1_RX1_IRQHandler                      0x0800011b   Thumb Code     0  startup_stm32f103xb.o(.text)
    CAN1_SCE_IRQHandler                      0x0800011b   Thumb Code     0  startup_stm32f103xb.o(.text)
    DMA1_Channel1_IRQHandler                 0x0800011b   Thumb Code     0  startup_stm32f103xb.o(.text)
    DMA1_Channel2_IRQHandler                 0x0800011b   Thumb Code     0  startup_stm32f103xb.o(.text)
    DMA1_Channel3_IRQHandler                 0x0800011b   Thumb Code     0  startup_stm32f103xb.o(.text)
    DMA1_Channel4_IRQHandler                 0x0800011b   Thumb Code     0  startup_stm32f103xb.o(.text)
    DMA1_Channel5_IRQHandler                 0x0800011b   Thumb Code     0  startup_stm32f103xb.o(.text)
    DMA1_Channel6_IRQHandler                 0x0800011b   Thumb Code     0  startup_stm32f103xb.o(.text)
    DMA1_Channel7_IRQHandler                 0x0800011b   Thumb Code     0  startup_stm32f103xb.o(.text)
    EXTI0_IRQHandler                         0x0800011b   Thumb Code     0  startup_stm32f103xb.o(.text)
    EXTI1_IRQHandler                         0x0800011b   Thumb Code     0  startup_stm32f103xb.o(.text)
    EXTI3_IRQHandler                         0x0800011b   Thumb Code     0  startup_stm32f103xb.o(.text)
    EXTI9_5_IRQHandler                       0x0800011b   Thumb Code     0  startup_stm32f103xb.o(.text)
    FLASH_IRQHandler                         0x0800011b   Thumb Code     0  startup_stm32f103xb.o(.text)
    I2C1_ER_IRQHandler                       0x0800011b   Thumb Code     0  startup_stm32f103xb.o(.text)
    I2C1_EV_IRQHandler                       0x0800011b   Thumb Code     0  startup_stm32f103xb.o(.text)
    I2C2_ER_IRQHandler                       0x0800011b   Thumb Code     0  startup_stm32f103xb.o(.text)
    I2C2_EV_IRQHandler                       0x0800011b   Thumb Code     0  startup_stm32f103xb.o(.text)
    PVD_IRQHandler                           0x0800011b   Thumb Code     0  startup_stm32f103xb.o(.text)
    RCC_IRQHandler                           0x0800011b   Thumb Code     0  startup_stm32f103xb.o(.text)
    RTC_Alarm_IRQHandler                     0x0800011b   Thumb Code     0  startup_stm32f103xb.o(.text)
    RTC_IRQHandler                           0x0800011b   Thumb Code     0  startup_stm32f103xb.o(.text)
    SPI1_IRQHandler                          0x0800011b   Thumb Code     0  startup_stm32f103xb.o(.text)
    SPI2_IRQHandler                          0x0800011b   Thumb Code     0  startup_stm32f103xb.o(.text)
    TAMPER_IRQHandler                        0x0800011b   Thumb Code     0  startup_stm32f103xb.o(.text)
    TIM1_BRK_IRQHandler                      0x0800011b   Thumb Code     0  startup_stm32f103xb.o(.text)
    TIM1_CC_IRQHandler                       0x0800011b   Thumb Code     0  startup_stm32f103xb.o(.text)
    TIM1_TRG_COM_IRQHandler                  0x0800011b   Thumb Code     0  startup_stm32f103xb.o(.text)
    TIM1_UP_IRQHandler                       0x0800011b   Thumb Code     0  startup_stm32f103xb.o(.text)
    TIM4_IRQHandler                          0x0800011b   Thumb Code     0  startup_stm32f103xb.o(.text)
    USART1_IRQHandler                        0x0800011b   Thumb Code     0  startup_stm32f103xb.o(.text)
    USART2_IRQHandler                        0x0800011b   Thumb Code     0  startup_stm32f103xb.o(.text)
    USBWakeUp_IRQHandler                     0x0800011b   Thumb Code     0  startup_stm32f103xb.o(.text)
    USB_HP_CAN1_TX_IRQHandler                0x0800011b   Thumb Code     0  startup_stm32f103xb.o(.text)
    USB_LP_CAN1_RX0_IRQHandler               0x0800011b   Thumb Code     0  startup_stm32f103xb.o(.text)
    WWDG_IRQHandler                          0x0800011b   Thumb Code     0  startup_stm32f103xb.o(.text)
    __aeabi_llsr                             0x08000125   Thumb Code    32  llushr.o(.text)
    _ll_ushift_r                             0x08000125   Thumb Code     0  llushr.o(.text)
    __aeabi_memset                           0x08000145   Thumb Code    14  memseta.o(.text)
    __aeabi_memset4                          0x08000145   Thumb Code     0  memseta.o(.text)
    __aeabi_memset8                          0x08000145   Thumb Code     0  memseta.o(.text)
    __aeabi_memclr                           0x08000153   Thumb Code     4  memseta.o(.text)
    __aeabi_memclr4                          0x08000153   Thumb Code     0  memseta.o(.text)
    __aeabi_memclr8                          0x08000153   Thumb Code     0  memseta.o(.text)
    _memset$wrapper                          0x08000157   Thumb Code    18  memseta.o(.text)
    __aeabi_fadd                             0x08000169   Thumb Code   164  fadd.o(.text)
    __aeabi_fsub                             0x0800020d   Thumb Code     6  fadd.o(.text)
    __aeabi_frsub                            0x08000213   Thumb Code     6  fadd.o(.text)
    __aeabi_fmul                             0x08000219   Thumb Code   100  fmul.o(.text)
    __aeabi_fdiv                             0x0800027d   Thumb Code   124  fdiv.o(.text)
    __ARM_scalbnf                            0x080002f9   Thumb Code    24  fscalb.o(.text)
    scalbnf                                  0x080002f9   Thumb Code     0  fscalb.o(.text)
    __aeabi_dadd                             0x08000311   Thumb Code   322  dadd.o(.text)
    __aeabi_dsub                             0x08000453   Thumb Code     6  dadd.o(.text)
    __aeabi_drsub                            0x08000459   Thumb Code     6  dadd.o(.text)
    __aeabi_dmul                             0x0800045f   Thumb Code   228  dmul.o(.text)
    __aeabi_ddiv                             0x08000543   Thumb Code   222  ddiv.o(.text)
    __aeabi_i2f                              0x08000621   Thumb Code    18  fflti.o(.text)
    __aeabi_i2d                              0x08000633   Thumb Code    34  dflti.o(.text)
    __aeabi_f2iz                             0x08000655   Thumb Code    50  ffixi.o(.text)
    __aeabi_f2uiz                            0x08000687   Thumb Code    40  ffixui.o(.text)
    __aeabi_f2d                              0x080006af   Thumb Code    38  f2d.o(.text)
    __aeabi_d2f                              0x080006d5   Thumb Code    56  d2f.o(.text)
    __aeabi_llsl                             0x0800070d   Thumb Code    30  llshl.o(.text)
    _ll_shift_l                              0x0800070d   Thumb Code     0  llshl.o(.text)
    __aeabi_lasr                             0x0800072b   Thumb Code    36  llsshr.o(.text)
    _ll_sshift_r                             0x0800072b   Thumb Code     0  llsshr.o(.text)
    __I$use$fp                               0x0800074f   Thumb Code     0  iusefp.o(.text)
    _float_round                             0x0800074f   Thumb Code    18  fepilogue.o(.text)
    _float_epilogue                          0x08000761   Thumb Code    92  fepilogue.o(.text)
    _double_round                            0x080007bd   Thumb Code    30  depilogue.o(.text)
    _double_epilogue                         0x080007db   Thumb Code   156  depilogue.o(.text)
    __ARM_scalbn                             0x08000877   Thumb Code    46  dscalb.o(.text)
    scalbn                                   0x08000877   Thumb Code     0  dscalb.o(.text)
    __scatterload                            0x080008a5   Thumb Code    28  init.o(.text)
    __scatterload_rt2                        0x080008a5   Thumb Code     0  init.o(.text)
    BusFault_Handler                         0x080008c9   Thumb Code     2  stm32f1xx_it.o(i.BusFault_Handler)
    DebugMon_Handler                         0x080008cb   Thumb Code     2  stm32f1xx_it.o(i.DebugMon_Handler)
    EXTI15_10_IRQHandler                     0x080008cd   Thumb Code     8  stm32f1xx_it.o(i.EXTI15_10_IRQHandler)
    EXTI2_IRQHandler                         0x080008d5   Thumb Code     6  stm32f1xx_it.o(i.EXTI2_IRQHandler)
    EXTI4_IRQHandler                         0x080008db   Thumb Code     6  stm32f1xx_it.o(i.EXTI4_IRQHandler)
    Error_Handler                            0x080008e1   Thumb Code     4  main.o(i.Error_Handler)
    HAL_DMA_Abort                            0x080008e5   Thumb Code    70  stm32f1xx_hal_dma.o(i.HAL_DMA_Abort)
    HAL_DMA_Abort_IT                         0x0800092d   Thumb Code   148  stm32f1xx_hal_dma.o(i.HAL_DMA_Abort_IT)
    HAL_Delay                                0x080009c5   Thumb Code    32  stm32f1xx_hal.o(i.HAL_Delay)
    HAL_GPIO_EXTI_Callback                   0x080009e9   Thumb Code    72  main.o(i.HAL_GPIO_EXTI_Callback)
    HAL_GPIO_EXTI_IRQHandler                 0x08000a41   Thumb Code    18  stm32f1xx_hal_gpio.o(i.HAL_GPIO_EXTI_IRQHandler)
    HAL_GPIO_Init                            0x08000a59   Thumb Code   446  stm32f1xx_hal_gpio.o(i.HAL_GPIO_Init)
    HAL_GPIO_ReadPin                         0x08000c39   Thumb Code    10  stm32f1xx_hal_gpio.o(i.HAL_GPIO_ReadPin)
    HAL_GPIO_WritePin                        0x08000c43   Thumb Code    10  stm32f1xx_hal_gpio.o(i.HAL_GPIO_WritePin)
    HAL_GetTick                              0x08000c4d   Thumb Code     6  stm32f1xx_hal.o(i.HAL_GetTick)
    HAL_I2C_Init                             0x08000c59   Thumb Code   376  stm32f1xx_hal_i2c.o(i.HAL_I2C_Init)
    HAL_I2C_Master_Transmit                  0x08000de1   Thumb Code   290  stm32f1xx_hal_i2c.o(i.HAL_I2C_Master_Transmit)
    HAL_I2C_MspInit                          0x08000f0d   Thumb Code    80  i2c.o(i.HAL_I2C_MspInit)
    HAL_IncTick                              0x08000f69   Thumb Code    12  stm32f1xx_hal.o(i.HAL_IncTick)
    HAL_Init                                 0x08000f79   Thumb Code    32  stm32f1xx_hal.o(i.HAL_Init)
    HAL_InitTick                             0x08000f9d   Thumb Code    54  stm32f1xx_hal.o(i.HAL_InitTick)
    HAL_MspInit                              0x08000fdd   Thumb Code    52  stm32f1xx_hal_msp.o(i.HAL_MspInit)
    HAL_NVIC_EnableIRQ                       0x08001019   Thumb Code    26  stm32f1xx_hal_cortex.o(i.HAL_NVIC_EnableIRQ)
    HAL_NVIC_SetPriority                     0x08001035   Thumb Code    60  stm32f1xx_hal_cortex.o(i.HAL_NVIC_SetPriority)
    HAL_NVIC_SetPriorityGrouping             0x08001075   Thumb Code    26  stm32f1xx_hal_cortex.o(i.HAL_NVIC_SetPriorityGrouping)
    HAL_RCC_ClockConfig                      0x08001099   Thumb Code   280  stm32f1xx_hal_rcc.o(i.HAL_RCC_ClockConfig)
    HAL_RCC_GetPCLK1Freq                     0x080011c5   Thumb Code    20  stm32f1xx_hal_rcc.o(i.HAL_RCC_GetPCLK1Freq)
    HAL_RCC_GetPCLK2Freq                     0x080011e5   Thumb Code    20  stm32f1xx_hal_rcc.o(i.HAL_RCC_GetPCLK2Freq)
    HAL_RCC_GetSysClockFreq                  0x08001205   Thumb Code    58  stm32f1xx_hal_rcc.o(i.HAL_RCC_GetSysClockFreq)
    HAL_RCC_OscConfig                        0x08001251   Thumb Code   778  stm32f1xx_hal_rcc.o(i.HAL_RCC_OscConfig)
    HAL_SYSTICK_Config                       0x08001571   Thumb Code    40  stm32f1xx_hal_cortex.o(i.HAL_SYSTICK_Config)
    HAL_TIMEx_BreakCallback                  0x08001599   Thumb Code     2  stm32f1xx_hal_tim_ex.o(i.HAL_TIMEx_BreakCallback)
    HAL_TIMEx_CommutCallback                 0x0800159b   Thumb Code     2  stm32f1xx_hal_tim_ex.o(i.HAL_TIMEx_CommutCallback)
    HAL_TIMEx_MasterConfigSynchronization    0x0800159d   Thumb Code    92  stm32f1xx_hal_tim_ex.o(i.HAL_TIMEx_MasterConfigSynchronization)
    HAL_TIM_Base_Init                        0x08001605   Thumb Code    90  stm32f1xx_hal_tim.o(i.HAL_TIM_Base_Init)
    HAL_TIM_Base_MspInit                     0x08001661   Thumb Code    86  tim.o(i.HAL_TIM_Base_MspInit)
    HAL_TIM_Base_Start_IT                    0x080016c1   Thumb Code    76  stm32f1xx_hal_tim.o(i.HAL_TIM_Base_Start_IT)
    HAL_TIM_ConfigClockSource                0x08001719   Thumb Code   220  stm32f1xx_hal_tim.o(i.HAL_TIM_ConfigClockSource)
    HAL_TIM_IC_CaptureCallback               0x080017f5   Thumb Code     2  stm32f1xx_hal_tim.o(i.HAL_TIM_IC_CaptureCallback)
    HAL_TIM_IRQHandler                       0x080017f7   Thumb Code   304  stm32f1xx_hal_tim.o(i.HAL_TIM_IRQHandler)
    HAL_TIM_MspPostInit                      0x08001929   Thumb Code    62  tim.o(i.HAL_TIM_MspPostInit)
    HAL_TIM_OC_DelayElapsedCallback          0x08001971   Thumb Code     2  stm32f1xx_hal_tim.o(i.HAL_TIM_OC_DelayElapsedCallback)
    HAL_TIM_PWM_ConfigChannel                0x08001973   Thumb Code   204  stm32f1xx_hal_tim.o(i.HAL_TIM_PWM_ConfigChannel)
    HAL_TIM_PWM_Init                         0x08001a3f   Thumb Code    90  stm32f1xx_hal_tim.o(i.HAL_TIM_PWM_Init)
    HAL_TIM_PWM_MspInit                      0x08001a99   Thumb Code     2  stm32f1xx_hal_tim.o(i.HAL_TIM_PWM_MspInit)
    HAL_TIM_PWM_PulseFinishedCallback        0x08001a9b   Thumb Code     2  stm32f1xx_hal_tim.o(i.HAL_TIM_PWM_PulseFinishedCallback)
    HAL_TIM_PWM_Start                        0x08001a9d   Thumb Code   144  stm32f1xx_hal_tim.o(i.HAL_TIM_PWM_Start)
    HAL_TIM_PeriodElapsedCallback            0x08001b39   Thumb Code    38  main.o(i.HAL_TIM_PeriodElapsedCallback)
    HAL_TIM_TriggerCallback                  0x08001b69   Thumb Code     2  stm32f1xx_hal_tim.o(i.HAL_TIM_TriggerCallback)
    HAL_UARTEx_RxEventCallback               0x08001b6b   Thumb Code     2  stm32f1xx_hal_uart.o(i.HAL_UARTEx_RxEventCallback)
    HAL_UART_ErrorCallback                   0x08001b6d   Thumb Code     2  stm32f1xx_hal_uart.o(i.HAL_UART_ErrorCallback)
    HAL_UART_IRQHandler                      0x08001b71   Thumb Code   616  stm32f1xx_hal_uart.o(i.HAL_UART_IRQHandler)
    HAL_UART_Init                            0x08001ddd   Thumb Code   100  stm32f1xx_hal_uart.o(i.HAL_UART_Init)
    HAL_UART_MspInit                         0x08001e41   Thumb Code   116  usart.o(i.HAL_UART_MspInit)
    HAL_UART_RxCpltCallback                  0x08001ec1   Thumb Code     2  stm32f1xx_hal_uart.o(i.HAL_UART_RxCpltCallback)
    HAL_UART_Transmit                        0x08001ec3   Thumb Code   160  stm32f1xx_hal_uart.o(i.HAL_UART_Transmit)
    HAL_UART_TxCpltCallback                  0x08001f63   Thumb Code     2  stm32f1xx_hal_uart.o(i.HAL_UART_TxCpltCallback)
    HardFault_Handler                        0x08001f65   Thumb Code     2  stm32f1xx_it.o(i.HardFault_Handler)
    Kalman_Filter                            0x0800222b   Thumb Code   280  filter.o(i.Kalman_Filter)
    MPU6050_Init                             0x08002343   Thumb Code    60  mpu6050.o(i.MPU6050_Init)
    MPU6050_Write                            0x08002381   Thumb Code    30  mpu6050.o(i.MPU6050_Write)
    MX_GPIO_Init                             0x080023a5   Thumb Code   252  gpio.o(i.MX_GPIO_Init)
    MX_I2C1_Init                             0x080024b5   Thumb Code    50  i2c.o(i.MX_I2C1_Init)
    MX_TIM2_Init                             0x080024f5   Thumb Code   164  tim.o(i.MX_TIM2_Init)
    MX_TIM3_Init                             0x0800259d   Thumb Code    96  tim.o(i.MX_TIM3_Init)
    MX_USART3_UART_Init                      0x08002605   Thumb Code    48  usart.o(i.MX_USART3_UART_Init)
    MemManage_Handler                        0x0800263d   Thumb Code     2  stm32f1xx_it.o(i.MemManage_Handler)
    MotorA_Duty                              0x08002641   Thumb Code    48  motor.o(i.MotorA_Duty)
    MotorB_Duty                              0x0800267d   Thumb Code    54  motor.o(i.MotorB_Duty)
    Motor_Target_Set                         0x080026c1   Thumb Code    62  pid.o(i.Motor_Target_Set)
    NMI_Handler                              0x0800270d   Thumb Code     2  stm32f1xx_it.o(i.NMI_Handler)
    OLED_Clear                               0x0800270f   Thumb Code    38  oled.o(i.OLED_Clear)
    OLED_I2C_Init                            0x08002735   Thumb Code    74  oled.o(i.OLED_I2C_Init)
    OLED_I2C_SendByte                        0x08002789   Thumb Code    86  oled.o(i.OLED_I2C_SendByte)
    OLED_I2C_Start                           0x080027e5   Thumb Code    52  oled.o(i.OLED_I2C_Start)
    OLED_I2C_Stop                            0x0800281d   Thumb Code    42  oled.o(i.OLED_I2C_Stop)
    OLED_Init                                0x0800284d   Thumb Code   172  oled.o(i.OLED_Init)
    OLED_SetCursor                           0x080028f9   Thumb Code    34  oled.o(i.OLED_SetCursor)
    OLED_WriteCommand                        0x0800291b   Thumb Code    34  oled.o(i.OLED_WriteCommand)
    OLED_WriteData                           0x0800293d   Thumb Code    34  oled.o(i.OLED_WriteData)
    PID_Control                              0x08002961   Thumb Code   164  pid.o(i.PID_Control)
    PID_Init                                 0x08002a1d   Thumb Code    14  pid.o(i.PID_Init)
    PendSV_Handler                           0x08002a2b   Thumb Code     2  stm32f1xx_it.o(i.PendSV_Handler)
    SVC_Handler                              0x08002a2d   Thumb Code     2  stm32f1xx_it.o(i.SVC_Handler)
    SysTick_Handler                          0x08002a2f   Thumb Code     4  stm32f1xx_it.o(i.SysTick_Handler)
    SystemClock_Config                       0x08002a33   Thumb Code    94  main.o(i.SystemClock_Config)
    SystemInit                               0x08002a91   Thumb Code     2  system_stm32f1xx.o(i.SystemInit)
    TCRT_Init                                0x08002a95   Thumb Code   346  tcrt5000.o(i.TCRT_Init)
    TIM2_IRQHandler                          0x08002bf9   Thumb Code     6  stm32f1xx_it.o(i.TIM2_IRQHandler)
    TIM3_IRQHandler                          0x08002c05   Thumb Code     6  stm32f1xx_it.o(i.TIM3_IRQHandler)
    TIM_Base_SetConfig                       0x08002c11   Thumb Code   108  stm32f1xx_hal_tim.o(i.TIM_Base_SetConfig)
    TIM_CCxChannelCmd                        0x08002c89   Thumb Code    26  stm32f1xx_hal_tim.o(i.TIM_CCxChannelCmd)
    TIM_ETR_SetConfig                        0x08002ca3   Thumb Code    20  stm32f1xx_hal_tim.o(i.TIM_ETR_SetConfig)
    TIM_OC2_SetConfig                        0x08002d19   Thumb Code    84  stm32f1xx_hal_tim.o(i.TIM_OC2_SetConfig)
    USART3_IRQHandler                        0x080030a1   Thumb Code     6  stm32f1xx_it.o(i.USART3_IRQHandler)
    UsageFault_Handler                       0x080030ad   Thumb Code     2  stm32f1xx_it.o(i.UsageFault_Handler)
    __ARM_fpclassify                         0x080030af   Thumb Code    40  fpclassify.o(i.__ARM_fpclassify)
    __kernel_poly                            0x080030f7   Thumb Code   170  poly.o(i.__kernel_poly)
    __mathlib_dbl_infnan                     0x080031a1   Thumb Code     6  dunder.o(i.__mathlib_dbl_infnan)
    __mathlib_dbl_underflow                  0x080031a9   Thumb Code    10  dunder.o(i.__mathlib_dbl_underflow)
    __scatterload_copy                       0x080031b9   Thumb Code    14  handlers.o(i.__scatterload_copy)
    __scatterload_null                       0x080031c7   Thumb Code     2  handlers.o(i.__scatterload_null)
    __scatterload_zeroinit                   0x080031c9   Thumb Code    14  handlers.o(i.__scatterload_zeroinit)
    atan                                     0x080031d9   Thumb Code   474  atan.o(i.atan)
    datavision_send                          0x080033f9   Thumb Code    94  pid.o(i.datavision_send)
    main                                     0x08003465   Thumb Code   530  main.o(i.main)
    pid_Limit                                0x080036dd   Thumb Code    22  pid.o(i.pid_Limit)
    pid_cal                                  0x080036f9   Thumb Code   180  pid.o(i.pid_cal)
    pwm_update_hal                           0x080037ad   Thumb Code    50  motor.o(i.pwm_update_hal)
    AHBPrescTable                            0x080037f0   Data          16  system_stm32f1xx.o(.constdata)
    APBPrescTable                            0x08003800   Data           8  system_stm32f1xx.o(.constdata)
    Region$$Table$$Base                      0x080038a0   Number         0  anon$$obj.o(Region$$Table)
    Region$$Table$$Limit                     0x080038c0   Number         0  anon$$obj.o(Region$$Table)
    send_flag                                0x20000000   Data           1  main.o(.data)
    MPU6050_FLAG                             0x20000002   Data           1  main.o(.data)
    AX                                       0x20000004   Data           2  main.o(.data)
    AY                                       0x20000006   Data           2  main.o(.data)
    AZ                                       0x20000008   Data           2  main.o(.data)
    GX                                       0x2000000a   Data           2  main.o(.data)
    GY                                       0x2000000c   Data           2  main.o(.data)
    GZ                                       0x2000000e   Data           2  main.o(.data)
    uwTickFreq                               0x20000010   Data           1  stm32f1xx_hal.o(.data)
    uwTickPrio                               0x20000014   Data           4  stm32f1xx_hal.o(.data)
    uwTick                                   0x20000018   Data           4  stm32f1xx_hal.o(.data)
    SystemCoreClock                          0x2000001c   Data           4  system_stm32f1xx.o(.data)
    Encoder_CountA                           0x20000020   Data           4  motor.o(.data)
    Encoder_CountB                           0x20000024   Data           4  motor.o(.data)
    motorA_dir                               0x20000028   Data           1  motor.o(.data)
    motorB_dir                               0x20000029   Data           1  motor.o(.data)
    head                                     0x2000002c   Data           2  pid.o(.data)
    tail                                     0x2000002e   Data           2  pid.o(.data)
    roll_gyro                                0x20000040   Data           4  mpu6050.o(.data)
    pitch_gyro                               0x20000044   Data           4  mpu6050.o(.data)
    yaw_gyro                                 0x20000048   Data           4  mpu6050.o(.data)
    roll_acc                                 0x2000004c   Data           4  mpu6050.o(.data)
    pitch_acc                                0x20000050   Data           4  mpu6050.o(.data)
    yaw_acc                                  0x20000054   Data           4  mpu6050.o(.data)
    roll_Kalman                              0x20000058   Data           4  mpu6050.o(.data)
    pitch_Kalman                             0x2000005c   Data           4  mpu6050.o(.data)
    yaw_Kalman                               0x20000060   Data           4  mpu6050.o(.data)
    KF_Roll                                  0x20000064   Data          48  filter.o(.data)
    KF_Pitch                                 0x20000094   Data          48  filter.o(.data)
    hi2c1                                    0x200000c4   Data          84  i2c.o(.bss)
    htim2                                    0x20000118   Data          72  tim.o(.bss)
    htim3                                    0x20000160   Data          72  tim.o(.bss)
    huart3                                   0x200001a8   Data          72  usart.o(.bss)
    MotorA                                   0x200001f0   Data          52  pid.o(.bss)
    MotorB                                   0x20000224   Data          52  pid.o(.bss)
    angle                                    0x20000258   Data          52  pid.o(.bss)
    __initial_sp                             0x20000690   Data           0  startup_stm32f103xb.o(STACK)



==============================================================================

Memory Map of the image

  Image Entry point : 0x080000ed

  Load Region LR_IROM1 (Base: 0x08000000, Size: 0x00003984, Max: 0x00010000, ABSOLUTE)

    Execution Region ER_IROM1 (Exec base: 0x08000000, Load base: 0x08000000, Size: 0x000038c0, Max: 0x00010000, ABSOLUTE)

    Exec Addr    Load Addr    Size         Type   Attr      Idx    E Section Name        Object

    0x08000000   0x08000000   0x000000ec   Data   RO            3    RESET               startup_stm32f103xb.o
    0x080000ec   0x080000ec   0x00000000   Code   RO         3677  * .ARM.Collect$$$$00000000  mc_w.l(entry.o)
    0x080000ec   0x080000ec   0x00000004   Code   RO         3728    .ARM.Collect$$$$00000001  mc_w.l(entry2.o)
    0x080000f0   0x080000f0   0x00000004   Code   RO         3731    .ARM.Collect$$$$00000004  mc_w.l(entry5.o)
    0x080000f4   0x080000f4   0x00000000   Code   RO         3733    .ARM.Collect$$$$00000008  mc_w.l(entry7b.o)
    0x080000f4   0x080000f4   0x00000000   Code   RO         3735    .ARM.Collect$$$$0000000A  mc_w.l(entry8b.o)
    0x080000f4   0x080000f4   0x00000008   Code   RO         3736    .ARM.Collect$$$$0000000B  mc_w.l(entry9a.o)
    0x080000fc   0x080000fc   0x00000000   Code   RO         3738    .ARM.Collect$$$$0000000D  mc_w.l(entry10a.o)
    0x080000fc   0x080000fc   0x00000000   Code   RO         3740    .ARM.Collect$$$$0000000F  mc_w.l(entry11a.o)
    0x080000fc   0x080000fc   0x00000004   Code   RO         3729    .ARM.Collect$$$$00002712  mc_w.l(entry2.o)
    0x08000100   0x08000100   0x00000024   Code   RO            4    .text               startup_stm32f103xb.o
    0x08000124   0x08000124   0x00000020   Code   RO         3680    .text               mc_w.l(llushr.o)
    0x08000144   0x08000144   0x00000024   Code   RO         3682    .text               mc_w.l(memseta.o)
    0x08000168   0x08000168   0x000000b0   Code   RO         3684    .text               mf_w.l(fadd.o)
    0x08000218   0x08000218   0x00000064   Code   RO         3686    .text               mf_w.l(fmul.o)
    0x0800027c   0x0800027c   0x0000007c   Code   RO         3688    .text               mf_w.l(fdiv.o)
    0x080002f8   0x080002f8   0x00000018   Code   RO         3690    .text               mf_w.l(fscalb.o)
    0x08000310   0x08000310   0x0000014e   Code   RO         3692    .text               mf_w.l(dadd.o)
    0x0800045e   0x0800045e   0x000000e4   Code   RO         3694    .text               mf_w.l(dmul.o)
    0x08000542   0x08000542   0x000000de   Code   RO         3696    .text               mf_w.l(ddiv.o)
    0x08000620   0x08000620   0x00000012   Code   RO         3698    .text               mf_w.l(fflti.o)
    0x08000632   0x08000632   0x00000022   Code   RO         3700    .text               mf_w.l(dflti.o)
    0x08000654   0x08000654   0x00000032   Code   RO         3702    .text               mf_w.l(ffixi.o)
    0x08000686   0x08000686   0x00000028   Code   RO         3704    .text               mf_w.l(ffixui.o)
    0x080006ae   0x080006ae   0x00000026   Code   RO         3706    .text               mf_w.l(f2d.o)
    0x080006d4   0x080006d4   0x00000038   Code   RO         3708    .text               mf_w.l(d2f.o)
    0x0800070c   0x0800070c   0x0000001e   Code   RO         3742    .text               mc_w.l(llshl.o)
    0x0800072a   0x0800072a   0x00000024   Code   RO         3744    .text               mc_w.l(llsshr.o)
    0x0800074e   0x0800074e   0x00000000   Code   RO         3746    .text               mc_w.l(iusefp.o)
    0x0800074e   0x0800074e   0x0000006e   Code   RO         3747    .text               mf_w.l(fepilogue.o)
    0x080007bc   0x080007bc   0x000000ba   Code   RO         3749    .text               mf_w.l(depilogue.o)
    0x08000876   0x08000876   0x0000002e   Code   RO         3751    .text               mf_w.l(dscalb.o)
    0x080008a4   0x080008a4   0x00000024   Code   RO         3753    .text               mc_w.l(init.o)
    0x080008c8   0x080008c8   0x00000002   Code   RO          373    i.BusFault_Handler  stm32f1xx_it.o
    0x080008ca   0x080008ca   0x00000002   Code   RO          374    i.DebugMon_Handler  stm32f1xx_it.o
    0x080008cc   0x080008cc   0x00000008   Code   RO          375    i.EXTI15_10_IRQHandler  stm32f1xx_it.o
    0x080008d4   0x080008d4   0x00000006   Code   RO          376    i.EXTI2_IRQHandler  stm32f1xx_it.o
    0x080008da   0x080008da   0x00000006   Code   RO          377    i.EXTI4_IRQHandler  stm32f1xx_it.o
    0x080008e0   0x080008e0   0x00000004   Code   RO           13    i.Error_Handler     main.o
    0x080008e4   0x080008e4   0x00000046   Code   RO         1363    i.HAL_DMA_Abort     stm32f1xx_hal_dma.o
    0x0800092a   0x0800092a   0x00000002   PAD
    0x0800092c   0x0800092c   0x00000098   Code   RO         1364    i.HAL_DMA_Abort_IT  stm32f1xx_hal_dma.o
    0x080009c4   0x080009c4   0x00000024   Code   RO          989    i.HAL_Delay         stm32f1xx_hal.o
    0x080009e8   0x080009e8   0x00000058   Code   RO           14    i.HAL_GPIO_EXTI_Callback  main.o
    0x08000a40   0x08000a40   0x00000018   Code   RO         1298    i.HAL_GPIO_EXTI_IRQHandler  stm32f1xx_hal_gpio.o
    0x08000a58   0x08000a58   0x000001e0   Code   RO         1299    i.HAL_GPIO_Init     stm32f1xx_hal_gpio.o
    0x08000c38   0x08000c38   0x0000000a   Code   RO         1301    i.HAL_GPIO_ReadPin  stm32f1xx_hal_gpio.o
    0x08000c42   0x08000c42   0x0000000a   Code   RO         1303    i.HAL_GPIO_WritePin  stm32f1xx_hal_gpio.o
    0x08000c4c   0x08000c4c   0x0000000c   Code   RO          993    i.HAL_GetTick       stm32f1xx_hal.o
    0x08000c58   0x08000c58   0x00000188   Code   RO          556    i.HAL_I2C_Init      stm32f1xx_hal_i2c.o
    0x08000de0   0x08000de0   0x0000012c   Code   RO          569    i.HAL_I2C_Master_Transmit  stm32f1xx_hal_i2c.o
    0x08000f0c   0x08000f0c   0x0000005c   Code   RO          236    i.HAL_I2C_MspInit   i2c.o
    0x08000f68   0x08000f68   0x00000010   Code   RO          999    i.HAL_IncTick       stm32f1xx_hal.o
    0x08000f78   0x08000f78   0x00000024   Code   RO         1000    i.HAL_Init          stm32f1xx_hal.o
    0x08000f9c   0x08000f9c   0x00000040   Code   RO         1001    i.HAL_InitTick      stm32f1xx_hal.o
    0x08000fdc   0x08000fdc   0x0000003c   Code   RO          485    i.HAL_MspInit       stm32f1xx_hal_msp.o
    0x08001018   0x08001018   0x0000001a   Code   RO         1459    i.HAL_NVIC_EnableIRQ  stm32f1xx_hal_cortex.o
    0x08001032   0x08001032   0x00000002   PAD
    0x08001034   0x08001034   0x00000040   Code   RO         1465    i.HAL_NVIC_SetPriority  stm32f1xx_hal_cortex.o
    0x08001074   0x08001074   0x00000024   Code   RO         1466    i.HAL_NVIC_SetPriorityGrouping  stm32f1xx_hal_cortex.o
    0x08001098   0x08001098   0x0000012c   Code   RO         1157    i.HAL_RCC_ClockConfig  stm32f1xx_hal_rcc.o
    0x080011c4   0x080011c4   0x00000020   Code   RO         1164    i.HAL_RCC_GetPCLK1Freq  stm32f1xx_hal_rcc.o
    0x080011e4   0x080011e4   0x00000020   Code   RO         1165    i.HAL_RCC_GetPCLK2Freq  stm32f1xx_hal_rcc.o
    0x08001204   0x08001204   0x0000004c   Code   RO         1166    i.HAL_RCC_GetSysClockFreq  stm32f1xx_hal_rcc.o
    0x08001250   0x08001250   0x00000320   Code   RO         1169    i.HAL_RCC_OscConfig  stm32f1xx_hal_rcc.o
    0x08001570   0x08001570   0x00000028   Code   RO         1470    i.HAL_SYSTICK_Config  stm32f1xx_hal_cortex.o
    0x08001598   0x08001598   0x00000002   Code   RO         2665    i.HAL_TIMEx_BreakCallback  stm32f1xx_hal_tim_ex.o
    0x0800159a   0x0800159a   0x00000002   Code   RO         2666    i.HAL_TIMEx_CommutCallback  stm32f1xx_hal_tim_ex.o
    0x0800159c   0x0800159c   0x00000068   Code   RO         2684    i.HAL_TIMEx_MasterConfigSynchronization  stm32f1xx_hal_tim_ex.o
    0x08001604   0x08001604   0x0000005a   Code   RO         1961    i.HAL_TIM_Base_Init  stm32f1xx_hal_tim.o
    0x0800165e   0x0800165e   0x00000002   PAD
    0x08001660   0x08001660   0x00000060   Code   RO          278    i.HAL_TIM_Base_MspInit  tim.o
    0x080016c0   0x080016c0   0x00000058   Code   RO         1966    i.HAL_TIM_Base_Start_IT  stm32f1xx_hal_tim.o
    0x08001718   0x08001718   0x000000dc   Code   RO         1970    i.HAL_TIM_ConfigClockSource  stm32f1xx_hal_tim.o
    0x080017f4   0x080017f4   0x00000002   Code   RO         1995    i.HAL_TIM_IC_CaptureCallback  stm32f1xx_hal_tim.o
    0x080017f6   0x080017f6   0x00000130   Code   RO         2009    i.HAL_TIM_IRQHandler  stm32f1xx_hal_tim.o
    0x08001926   0x08001926   0x00000002   PAD
    0x08001928   0x08001928   0x00000048   Code   RO          279    i.HAL_TIM_MspPostInit  tim.o
    0x08001970   0x08001970   0x00000002   Code   RO         2012    i.HAL_TIM_OC_DelayElapsedCallback  stm32f1xx_hal_tim.o
    0x08001972   0x08001972   0x000000cc   Code   RO         2033    i.HAL_TIM_PWM_ConfigChannel  stm32f1xx_hal_tim.o
    0x08001a3e   0x08001a3e   0x0000005a   Code   RO         2036    i.HAL_TIM_PWM_Init  stm32f1xx_hal_tim.o
    0x08001a98   0x08001a98   0x00000002   Code   RO         2038    i.HAL_TIM_PWM_MspInit  stm32f1xx_hal_tim.o
    0x08001a9a   0x08001a9a   0x00000002   Code   RO         2039    i.HAL_TIM_PWM_PulseFinishedCallback  stm32f1xx_hal_tim.o
    0x08001a9c   0x08001a9c   0x0000009c   Code   RO         2041    i.HAL_TIM_PWM_Start  stm32f1xx_hal_tim.o
    0x08001b38   0x08001b38   0x00000030   Code   RO           15    i.HAL_TIM_PeriodElapsedCallback  main.o
    0x08001b68   0x08001b68   0x00000002   Code   RO         2052    i.HAL_TIM_TriggerCallback  stm32f1xx_hal_tim.o
    0x08001b6a   0x08001b6a   0x00000002   Code   RO         2944    i.HAL_UARTEx_RxEventCallback  stm32f1xx_hal_uart.o
    0x08001b6c   0x08001b6c   0x00000002   Code   RO         2958    i.HAL_UART_ErrorCallback  stm32f1xx_hal_uart.o
    0x08001b6e   0x08001b6e   0x00000002   PAD
    0x08001b70   0x08001b70   0x0000026c   Code   RO         2961    i.HAL_UART_IRQHandler  stm32f1xx_hal_uart.o
    0x08001ddc   0x08001ddc   0x00000064   Code   RO         2962    i.HAL_UART_Init     stm32f1xx_hal_uart.o
    0x08001e40   0x08001e40   0x00000080   Code   RO          332    i.HAL_UART_MspInit  usart.o
    0x08001ec0   0x08001ec0   0x00000002   Code   RO         2968    i.HAL_UART_RxCpltCallback  stm32f1xx_hal_uart.o
    0x08001ec2   0x08001ec2   0x000000a0   Code   RO         2970    i.HAL_UART_Transmit  stm32f1xx_hal_uart.o
    0x08001f62   0x08001f62   0x00000002   Code   RO         2973    i.HAL_UART_TxCpltCallback  stm32f1xx_hal_uart.o
    0x08001f64   0x08001f64   0x00000002   Code   RO          378    i.HardFault_Handler  stm32f1xx_it.o
    0x08001f66   0x08001f66   0x0000002e   Code   RO          599    i.I2C_IsAcknowledgeFailed  stm32f1xx_hal_i2c.o
    0x08001f94   0x08001f94   0x0000009c   Code   RO          603    i.I2C_MasterRequestWrite  stm32f1xx_hal_i2c.o
    0x08002030   0x08002030   0x00000056   Code   RO          614    i.I2C_WaitOnBTFFlagUntilTimeout  stm32f1xx_hal_i2c.o
    0x08002086   0x08002086   0x00000002   PAD
    0x08002088   0x08002088   0x00000090   Code   RO          615    i.I2C_WaitOnFlagUntilTimeout  stm32f1xx_hal_i2c.o
    0x08002118   0x08002118   0x000000bc   Code   RO          616    i.I2C_WaitOnMasterAddressFlagUntilTimeout  stm32f1xx_hal_i2c.o
    0x080021d4   0x080021d4   0x00000056   Code   RO          618    i.I2C_WaitOnTXEFlagUntilTimeout  stm32f1xx_hal_i2c.o
    0x0800222a   0x0800222a   0x00000118   Code   RO         3641    i.Kalman_Filter     filter.o
    0x08002342   0x08002342   0x0000003c   Code   RO         3589    i.MPU6050_Init      mpu6050.o
    0x0800237e   0x0800237e   0x00000002   PAD
    0x08002380   0x08002380   0x00000024   Code   RO         3591    i.MPU6050_Write     mpu6050.o
    0x080023a4   0x080023a4   0x00000110   Code   RO          211    i.MX_GPIO_Init      gpio.o
    0x080024b4   0x080024b4   0x00000040   Code   RO          237    i.MX_I2C1_Init      i2c.o
    0x080024f4   0x080024f4   0x000000a8   Code   RO          280    i.MX_TIM2_Init      tim.o
    0x0800259c   0x0800259c   0x00000068   Code   RO          281    i.MX_TIM3_Init      tim.o
    0x08002604   0x08002604   0x00000038   Code   RO          333    i.MX_USART3_UART_Init  usart.o
    0x0800263c   0x0800263c   0x00000002   Code   RO          379    i.MemManage_Handler  stm32f1xx_it.o
    0x0800263e   0x0800263e   0x00000002   PAD
    0x08002640   0x08002640   0x0000003c   Code   RO         3333    i.MotorA_Duty       motor.o
    0x0800267c   0x0800267c   0x00000044   Code   RO         3334    i.MotorB_Duty       motor.o
    0x080026c0   0x080026c0   0x0000004c   Code   RO         3376    i.Motor_Target_Set  pid.o
    0x0800270c   0x0800270c   0x00000002   Code   RO          380    i.NMI_Handler       stm32f1xx_it.o
    0x0800270e   0x0800270e   0x00000026   Code   RO         3445    i.OLED_Clear        oled.o
    0x08002734   0x08002734   0x00000054   Code   RO         3446    i.OLED_I2C_Init     oled.o
    0x08002788   0x08002788   0x0000005c   Code   RO         3447    i.OLED_I2C_SendByte  oled.o
    0x080027e4   0x080027e4   0x00000038   Code   RO         3448    i.OLED_I2C_Start    oled.o
    0x0800281c   0x0800281c   0x00000030   Code   RO         3449    i.OLED_I2C_Stop     oled.o
    0x0800284c   0x0800284c   0x000000ac   Code   RO         3450    i.OLED_Init         oled.o
    0x080028f8   0x080028f8   0x00000022   Code   RO         3452    i.OLED_SetCursor    oled.o
    0x0800291a   0x0800291a   0x00000022   Code   RO         3459    i.OLED_WriteCommand  oled.o
    0x0800293c   0x0800293c   0x00000022   Code   RO         3460    i.OLED_WriteData    oled.o
    0x0800295e   0x0800295e   0x00000002   PAD
    0x08002960   0x08002960   0x000000bc   Code   RO         3377    i.PID_Control       pid.o
    0x08002a1c   0x08002a1c   0x0000000e   Code   RO         3378    i.PID_Init          pid.o
    0x08002a2a   0x08002a2a   0x00000002   Code   RO          381    i.PendSV_Handler    stm32f1xx_it.o
    0x08002a2c   0x08002a2c   0x00000002   Code   RO          382    i.SVC_Handler       stm32f1xx_it.o
    0x08002a2e   0x08002a2e   0x00000004   Code   RO          383    i.SysTick_Handler   stm32f1xx_it.o
    0x08002a32   0x08002a32   0x0000005e   Code   RO           16    i.SystemClock_Config  main.o
    0x08002a90   0x08002a90   0x00000002   Code   RO         3296    i.SystemInit        system_stm32f1xx.o
    0x08002a92   0x08002a92   0x00000002   PAD
    0x08002a94   0x08002a94   0x00000164   Code   RO         3563    i.TCRT_Init         tcrt5000.o
    0x08002bf8   0x08002bf8   0x0000000c   Code   RO          384    i.TIM2_IRQHandler   stm32f1xx_it.o
    0x08002c04   0x08002c04   0x0000000c   Code   RO          385    i.TIM3_IRQHandler   stm32f1xx_it.o
    0x08002c10   0x08002c10   0x00000078   Code   RO         2054    i.TIM_Base_SetConfig  stm32f1xx_hal_tim.o
    0x08002c88   0x08002c88   0x0000001a   Code   RO         2055    i.TIM_CCxChannelCmd  stm32f1xx_hal_tim.o
    0x08002ca2   0x08002ca2   0x00000014   Code   RO         2065    i.TIM_ETR_SetConfig  stm32f1xx_hal_tim.o
    0x08002cb6   0x08002cb6   0x00000010   Code   RO         2066    i.TIM_ITRx_SetConfig  stm32f1xx_hal_tim.o
    0x08002cc6   0x08002cc6   0x00000002   PAD
    0x08002cc8   0x08002cc8   0x00000050   Code   RO         2067    i.TIM_OC1_SetConfig  stm32f1xx_hal_tim.o
    0x08002d18   0x08002d18   0x00000058   Code   RO         2068    i.TIM_OC2_SetConfig  stm32f1xx_hal_tim.o
    0x08002d70   0x08002d70   0x00000058   Code   RO         2069    i.TIM_OC3_SetConfig  stm32f1xx_hal_tim.o
    0x08002dc8   0x08002dc8   0x00000044   Code   RO         2070    i.TIM_OC4_SetConfig  stm32f1xx_hal_tim.o
    0x08002e0c   0x08002e0c   0x00000022   Code   RO         2072    i.TIM_TI1_ConfigInputStage  stm32f1xx_hal_tim.o
    0x08002e2e   0x08002e2e   0x00000024   Code   RO         2074    i.TIM_TI2_ConfigInputStage  stm32f1xx_hal_tim.o
    0x08002e52   0x08002e52   0x00000010   Code   RO         2975    i.UART_DMAAbortOnError  stm32f1xx_hal_uart.o
    0x08002e62   0x08002e62   0x0000004e   Code   RO         2985    i.UART_EndRxTransfer  stm32f1xx_hal_uart.o
    0x08002eb0   0x08002eb0   0x000000c2   Code   RO         2987    i.UART_Receive_IT   stm32f1xx_hal_uart.o
    0x08002f72   0x08002f72   0x00000002   PAD
    0x08002f74   0x08002f74   0x000000b8   Code   RO         2988    i.UART_SetConfig    stm32f1xx_hal_uart.o
    0x0800302c   0x0800302c   0x00000072   Code   RO         2991    i.UART_WaitOnFlagUntilTimeout  stm32f1xx_hal_uart.o
    0x0800309e   0x0800309e   0x00000002   PAD
    0x080030a0   0x080030a0   0x0000000c   Code   RO          386    i.USART3_IRQHandler  stm32f1xx_it.o
    0x080030ac   0x080030ac   0x00000002   Code   RO          387    i.UsageFault_Handler  stm32f1xx_it.o
    0x080030ae   0x080030ae   0x00000028   Code   RO         3724    i.__ARM_fpclassify  m_ws.l(fpclassify.o)
    0x080030d6   0x080030d6   0x00000020   Code   RO         1472    i.__NVIC_SetPriority  stm32f1xx_hal_cortex.o
    0x080030f6   0x080030f6   0x000000aa   Code   RO         3726    i.__kernel_poly     m_ws.l(poly.o)
    0x080031a0   0x080031a0   0x00000006   Code   RO         3711    i.__mathlib_dbl_infnan  m_ws.l(dunder.o)
    0x080031a6   0x080031a6   0x00000002   PAD
    0x080031a8   0x080031a8   0x00000010   Code   RO         3716    i.__mathlib_dbl_underflow  m_ws.l(dunder.o)
    0x080031b8   0x080031b8   0x0000000e   Code   RO         3757    i.__scatterload_copy  mc_w.l(handlers.o)
    0x080031c6   0x080031c6   0x00000002   Code   RO         3758    i.__scatterload_null  mc_w.l(handlers.o)
    0x080031c8   0x080031c8   0x0000000e   Code   RO         3759    i.__scatterload_zeroinit  mc_w.l(handlers.o)
    0x080031d6   0x080031d6   0x00000002   PAD
    0x080031d8   0x080031d8   0x00000220   Code   RO         3668    i.atan              m_ws.l(atan.o)
    0x080033f8   0x080033f8   0x0000006c   Code   RO         3379    i.datavision_send   pid.o
    0x08003464   0x08003464   0x00000278   Code   RO           18    i.main              main.o
    0x080036dc   0x080036dc   0x0000001c   Code   RO         3380    i.pid_Limit         pid.o
    0x080036f8   0x080036f8   0x000000b4   Code   RO         3381    i.pid_cal           pid.o
    0x080037ac   0x080037ac   0x00000032   Code   RO         3335    i.pwm_update_hal    motor.o
    0x080037de   0x080037de   0x00000012   Data   RO         1170    .constdata          stm32f1xx_hal_rcc.o
    0x080037f0   0x080037f0   0x00000010   Data   RO         3297    .constdata          system_stm32f1xx.o
    0x08003800   0x08003800   0x00000008   Data   RO         3298    .constdata          system_stm32f1xx.o
    0x08003808   0x08003808   0x00000098   Data   RO         3669    .constdata          m_ws.l(atan.o)
    0x080038a0   0x080038a0   0x00000020   Data   RO         3755    Region$$Table       anon$$obj.o


    Execution Region RW_IRAM1 (Exec base: 0x20000000, Load base: 0x080038c0, Size: 0x00000690, Max: 0x00005000, ABSOLUTE)

    Exec Addr    Load Addr    Size         Type   Attr      Idx    E Section Name        Object

    0x20000000   0x080038c0   0x00000010   Data   RW           21    .data               main.o
    0x20000010   0x080038d0   0x0000000c   Data   RW         1007    .data               stm32f1xx_hal.o
    0x2000001c   0x080038dc   0x00000004   Data   RW         3299    .data               system_stm32f1xx.o
    0x20000020   0x080038e0   0x00000004   Data   RW         3336    .data               motor.o
    0x20000024   0x080038e4   0x00000004   Data   RW         3337    .data               motor.o
    0x20000028   0x080038e8   0x00000002   Data   RW         3340    .data               motor.o
    0x2000002a   0x080038ea   0x00000002   PAD
    0x2000002c   0x080038ec   0x00000010   Data   RW         3384    .data               pid.o
    0x2000003c   0x080038fc   0x00000001   Data   RW         3564    .data               tcrt5000.o
    0x2000003d   0x080038fd   0x00000003   PAD
    0x20000040   0x08003900   0x00000004   Data   RW         3592    .data               mpu6050.o
    0x20000044   0x08003904   0x00000004   Data   RW         3593    .data               mpu6050.o
    0x20000048   0x08003908   0x00000004   Data   RW         3594    .data               mpu6050.o
    0x2000004c   0x0800390c   0x00000004   Data   RW         3595    .data               mpu6050.o
    0x20000050   0x08003910   0x00000004   Data   RW         3596    .data               mpu6050.o
    0x20000054   0x08003914   0x00000004   Data   RW         3597    .data               mpu6050.o
    0x20000058   0x08003918   0x00000004   Data   RW         3598    .data               mpu6050.o
    0x2000005c   0x0800391c   0x00000004   Data   RW         3599    .data               mpu6050.o
    0x20000060   0x08003920   0x00000004   Data   RW         3600    .data               mpu6050.o
    0x20000064   0x08003924   0x00000030   Data   RW         3644    .data               filter.o
    0x20000094   0x08003954   0x00000030   Data   RW         3645    .data               filter.o
    0x200000c4        -       0x00000054   Zero   RW          238    .bss                i2c.o
    0x20000118        -       0x00000090   Zero   RW          282    .bss                tim.o
    0x200001a8        -       0x00000048   Zero   RW          334    .bss                usart.o
    0x200001f0        -       0x00000068   Zero   RW         3382    .bss                pid.o
    0x20000258        -       0x00000034   Zero   RW         3383    .bss                pid.o
    0x2000028c   0x08003984   0x00000004   PAD
    0x20000290        -       0x00000400   Zero   RW            1    STACK               startup_stm32f103xb.o


==============================================================================

Image component sizes


      Code (inc. data)   RO Data    RW Data    ZI Data      Debug   Object Name

       280          0          0         96          0       1662   filter.o
       272         20          0          0          0        959   gpio.o
       156         26          0          0         84       1513   i2c.o
       866        128          0         16          0     436950   main.o
       178         26          0         10          0       2377   motor.o
        96          6          0         36          0       1915   mpu6050.o
       592         26          0          0          0       5157   oled.o
       594         58          0         16        156       4444   pid.o
        36          8        236          0       1024        772   startup_stm32f103xb.o
       164         28          0         12          0       5665   stm32f1xx_hal.o
       198         14          0          0          0      28767   stm32f1xx_hal_cortex.o
       222          4          0          0          0       1683   stm32f1xx_hal_dma.o
       524         40          0          0          0       3962   stm32f1xx_hal_gpio.o
      1398         32          0          0          0       8841   stm32f1xx_hal_i2c.o
        60          8          0          0          0        814   stm32f1xx_hal_msp.o
      1240         84         18          0          0       4944   stm32f1xx_hal_rcc.o
      1738         56          0          0          0      15466   stm32f1xx_hal_tim.o
       108         12          0          0          0       2289   stm32f1xx_hal_tim_ex.o
      1474         10          0          0          0       9704   stm32f1xx_hal_uart.o
        76         18          0          0          0       6039   stm32f1xx_it.o
         2          0         24          4          0       1031   system_stm32f1xx.o
       356         18          0          1          0        764   tcrt5000.o
       440         32          0          0        144       2857   tim.o
       184         20          0          0         72       1574   usart.o

    ----------------------------------------------------------------------
     11280        674        310        196       1484     550149   Object Totals
         0          0         32          0          0          0   (incl. Generated)
        26          0          0          5          4          0   (incl. Padding)

    ----------------------------------------------------------------------

      Code (inc. data)   RO Data    RW Data    ZI Data      Debug   Library Member Name

       544         70        152          0          0        124   atan.o
        22          6          0          0          0        136   dunder.o
        40          0          0          0          0         68   fpclassify.o
       170          0          0          0          0         96   poly.o
         0          0          0          0          0          0   entry.o
         0          0          0          0          0          0   entry10a.o
         0          0          0          0          0          0   entry11a.o
         8          4          0          0          0          0   entry2.o
         4          0          0          0          0          0   entry5.o
         0          0          0          0          0          0   entry7b.o
         0          0          0          0          0          0   entry8b.o
         8          4          0          0          0          0   entry9a.o
        30          0          0          0          0          0   handlers.o
        36          8          0          0          0         68   init.o
         0          0          0          0          0          0   iusefp.o
        30          0          0          0          0         68   llshl.o
        36          0          0          0          0         68   llsshr.o
        32          0          0          0          0         68   llushr.o
        36          0          0          0          0        108   memseta.o
        56          0          0          0          0         88   d2f.o
       334          0          0          0          0        148   dadd.o
       222          0          0          0          0        100   ddiv.o
       186          0          0          0          0        176   depilogue.o
        34          0          0          0          0         76   dflti.o
       228          0          0          0          0         96   dmul.o
        46          0          0          0          0         80   dscalb.o
        38          0          0          0          0         68   f2d.o
       176          0          0          0          0        140   fadd.o
       124          0          0          0          0         88   fdiv.o
       110          0          0          0          0        168   fepilogue.o
        50          0          0          0          0         68   ffixi.o
        40          0          0          0          0         68   ffixui.o
        18          0          0          0          0         68   fflti.o
       100          0          0          0          0         76   fmul.o
        24          0          0          0          0         68   fscalb.o

    ----------------------------------------------------------------------
      2786         92        152          0          0       2380   Library Totals
         4          0          0          0          0          0   (incl. Padding)

    ----------------------------------------------------------------------

      Code (inc. data)   RO Data    RW Data    ZI Data      Debug   Library Name

       776         76        152          0          0        424   m_ws.l
       220         16          0          0          0        380   mc_w.l
      1786          0          0          0          0       1576   mf_w.l

    ----------------------------------------------------------------------
      2786         92        152          0          0       2380   Library Totals

    ----------------------------------------------------------------------

==============================================================================


      Code (inc. data)   RO Data    RW Data    ZI Data      Debug   

     14066        766        462        196       1484     545401   Grand Totals
     14066        766        462        196       1484     545401   ELF Image Totals
     14066        766        462        196          0          0   ROM Totals

==============================================================================

    Total RO  Size (Code + RO Data)                14528 (  14.19kB)
    Total RW  Size (RW Data + ZI Data)              1680 (   1.64kB)
    Total ROM Size (Code + RO Data + RW Data)      14724 (  14.38kB)

==============================================================================

