<html>
<body>
<pre>
<h1>µVision Build Log</h1>
<h2>Tool Versions:</h2>
IDE-Version: ¦ÌVision V5.24.2.0
Copyright (C) 2017 ARM Ltd and ARM Germany GmbH. All rights reserved.
License Information: lenovo,  , LIC=RC93N-YASAC-EV21R-KIN7V-TD5AH-BUK83
 
Tool Versions:
Toolchain:       MDK-ARM Plus  Version: 5.24.1
Toolchain Path:  C:\Keil_v5\ARM\ARMCC\Bin
C Compiler:      Armcc.exe V5.06 update 5 (build 528)
Assembler:       Armasm.exe V5.06 update 5 (build 528)
Linker/Locator:  ArmLink.exe V5.06 update 5 (build 528)
Library Manager: ArmAr.exe V5.06 update 5 (build 528)
Hex Converter:   FromElf.exe V5.06 update 5 (build 528)
CPU DLL:         SARMCM3.DLL V5.24.1
Dialog DLL:      DCM.DLL V1.16.0.0
Target DLL:      STLink\ST-LINKIII-KEIL_SWO.dll V3.0.1.0
Dialog DLL:      TCM.DLL V1.32.0.0
 
<h2>Project:</h2>
F:\F103C8T6\Leader_Car\MDK-ARM\Leader_Car.uvprojx
Project File Date:  02/26/2026

<h2>Output:</h2>
*** Using Compiler 'V5.06 update 5 (build 528)', folder: 'C:\Keil_v5\ARM\ARMCC\Bin'
Build target 'Leader_Car'
compiling PID.c...
..\User_Lib\src\PID.c(59): warning:  #188-D: enumerated type mixed with another type
  		motorA_dir = 1;
..\User_Lib\src\PID.c(64): warning:  #188-D: enumerated type mixed with another type
  		motorA_dir = 0;
..\User_Lib\src\PID.c(70): warning:  #188-D: enumerated type mixed with another type
  		motorB_dir = 1;
..\User_Lib\src\PID.c(75): warning:  #188-D: enumerated type mixed with another type
  		motorB_dir = 0;
..\User_Lib\src\PID.c(54): warning:  #550-D: variable "data"  was set but never used
  	int data[4];
..\User_Lib\src\PID.c: 5 warnings, 0 errors
linking...
Program Size: Code=15598 RO-data=466 RW-data=232 ZI-data=1480  
FromELF: creating hex file...
"Leader_Car\Leader_Car.axf" - 0 Error(s), 5 Warning(s).

<h2>Software Packages used:</h2>

Package Vendor: ARM
                http://www.keil.com/pack/ARM.CMSIS.5.7.0.pack
                ARM.CMSIS.5.7.0
                CMSIS (Cortex Microcontroller Software Interface Standard)
   * Component: CORE Version: 5.4.0

Package Vendor: Keil
                https://www.keil.com/pack/Keil.STM32F1xx_DFP.2.4.1.pack
                Keil.STM32F1xx_DFP.2.4.1
                STMicroelectronics STM32F1 Series Device Support, Drivers and Examples

<h2>Collection of Component include folders:</h2>
  .\RTE\_Leader_Car
  F:\ARM\CMSIS\5.7.0\CMSIS\Core\Include
  F:\Keil\STM32F1xx_DFP\2.4.1\Device\Include

<h2>Collection of Component Files used:</h2>

   * Component: ARM::CMSIS:CORE:5.4.0
      Include file:  CMSIS\Core\Include\tz_context.h
Build Time Elapsed:  00:00:16
</pre>
</body>
</html>
